
Memory Configuration

Name             Origin             Length             Attributes
*default*        0x0000000000000000 0xffffffffffffffff

Linker script and memory map

LOAD /home/tony/Desktop/uboot-2015-dev/build/scp_task/task_entry.o
LOAD /home/tony/Desktop/uboot-2015-dev/build/scp_task/user_task.o
LOAD /home/tony/Desktop/uboot-2015-dev/build/scp_task/misc.o
LOAD /home/tony/Desktop/uboot-2015-dev/build/scp_task/uart.o
LOAD /home/tony/Desktop/uboot-2015-dev/build/scp_task/suspend.o
LOAD /home/tony/Desktop/uboot-2015-dev/build/scp_task/dvfs.o
LOAD /home/tony/Desktop/uboot-2015-dev/build/scp_task/lib/string.o
LOAD /home/tony/Desktop/uboot-2015-dev/build/scp_task/lib/delay.o
                0x000000001000a000                . = 0x1000a000

.text           0x000000001000a000     0x1974
 *task_entry.o(.text)
 .text          0x000000001000a000        0xc /home/tony/Desktop/uboot-2015-dev/build/scp_task/task_entry.o
                0x000000001000a000                task_entry
 *(.text .text*)
 .text          0x000000001000a00c      0x170 /home/tony/Desktop/uboot-2015-dev/build/scp_task/user_task.o
                0x000000001000a00c                __switch_back_securemb
                0x000000001000a014                __switch_back_highmb
                0x000000001000a01c                __switch_back_lowmb
                0x000000001000a024                secure_task
                0x000000001000a09c                set_wakeup_method
                0x000000001000a0a8                process_high_task
                0x000000001000a0c0                high_task
                0x000000001000a0f0                process_low_task
                0x000000001000a14c                low_task
 .text          0x000000001000a17c       0x1c /home/tony/Desktop/uboot-2015-dev/build/scp_task/misc.o
                0x000000001000a17c                bss_init
 .text          0x000000001000a198       0x9c /home/tony/Desktop/uboot-2015-dev/build/scp_task/uart.o
                0x000000001000a198                wait_uart_empty
                0x000000001000a1b8                uart_tx_flush
                0x000000001000a1c8                uart_putc
                0x000000001000a1f4                uart_puts
                0x000000001000a208                uart_put_hex
 .text          0x000000001000a234     0x1438 /home/tony/Desktop/uboot-2015-dev/build/scp_task/suspend.o
                0x000000001000a238                get_wakeup_source
                0x000000001000a2c0                setremotereg
                0x000000001000a2c8                set_remote_mode
                0x000000001000a318                backuremote_register
                0x000000001000a368                resume_remote_register
                0x000000001000a3a8                init_custom_trigger
                0x000000001000a3aa                pwm_set_voltage
                0x000000001000a4a8                wakeup_timer_setup
                0x000000001000a4c8                wakeup_timer_clear
                0x000000001000a4d8                cec_strlen
                0x000000001000a4e8                cec_memcpy
                0x000000001000a506                cec_rd_reg
                0x000000001000a530                cec_wr_reg
                0x000000001000a554                cec_off
                0x000000001000a560                cec_rx_read_pos_plus
                0x000000001000a580                cec_arbit_bit_time_set
                0x000000001000a5c6                cec_hw_buf_clear
                0x000000001000a618                remote_cec_hw_reset
                0x000000001000a6dc                remote_cec_ll_rx
                0x000000001000a790                cec_buf_clear
                0x000000001000a7b4                cec_tx_buf_init
                0x000000001000a7d8                cec_triggle_tx
                0x000000001000a85c                ping_cec_ll_tx
                0x000000001000a9a8                cec_imageview_on
                0x000000001000a9d0                cec_set_stream_path
                0x000000001000aa18                cec_reset_addr
                0x000000001000aa5c                cec_queue_tx_msg
                0x000000001000aab8                remote_cec_ll_tx
                0x000000001000aace                cec_report_physical_address
                0x000000001000ab14                cec_report_device_power_status
                0x000000001000ab44                cec_device_vendor_id
                0x000000001000ab80                cec_feature_abort
                0x000000001000abc0                cec_menu_status_smp
                0x000000001000abec                cec_inactive_source
                0x000000001000ac28                cec_set_standby
                0x000000001000ac54                cec_give_deck_status
                0x000000001000ac84                cec_set_osd_name
                0x000000001000acc8                cec_get_version
                0x000000001000ad00                cec_handle_message
                0x000000001000adc4                cec_handler
                0x000000001000aff8                cec_node_init
                0x000000001000b47c                suspend_pwr_ops_init
                0x000000001000b4e4                suspend_get_wakeup_source
                0x000000001000b4f8                enter_suspend
 .text          0x000000001000b66c      0x14c /home/tony/Desktop/uboot-2015-dev/build/scp_task/dvfs.o
                0x000000001000b66c                pwm_init
                0x000000001000b6b0                dvfs_get_voltage
                0x000000001000b6d4                set_dvfs
                0x000000001000b764                get_dvfs_info_board
                0x000000001000b7b4                get_dvfs_info
 .text          0x000000001000b7b8       0x26 /home/tony/Desktop/uboot-2015-dev/build/scp_task/lib/string.o
                0x000000001000b7b8                memcpy
                0x000000001000b7ce                memset
 *fill*         0x000000001000b7de        0x2 
 .text          0x000000001000b7e0       0x20 /home/tony/Desktop/uboot-2015-dev/build/scp_task/lib/delay.o
                0x000000001000b7e0                get_time
                0x000000001000b7ec                _udelay
 *(.ARM.*)
 .ARM.attributes
                0x000000001000b800       0x21 /home/tony/Desktop/uboot-2015-dev/build/scp_task/task_entry.o
 .ARM.attributes
                0x000000001000b821       0x33 /home/tony/Desktop/uboot-2015-dev/build/scp_task/user_task.o
 .ARM.attributes
                0x000000001000b854       0x21 /home/tony/Desktop/uboot-2015-dev/build/scp_task/misc.o
 .ARM.attributes
                0x000000001000b875       0x33 /home/tony/Desktop/uboot-2015-dev/build/scp_task/uart.o
 .ARM.attributes
                0x000000001000b8a8       0x33 /home/tony/Desktop/uboot-2015-dev/build/scp_task/suspend.o
 .ARM.attributes
                0x000000001000b8db       0x33 /home/tony/Desktop/uboot-2015-dev/build/scp_task/dvfs.o
 .ARM.attributes
                0x000000001000b90e       0x33 /home/tony/Desktop/uboot-2015-dev/build/scp_task/lib/string.o
 .ARM.attributes
                0x000000001000b941       0x33 /home/tony/Desktop/uboot-2015-dev/build/scp_task/lib/delay.o

.glue_7         0x000000001000b974        0x0
 .glue_7        0x000000001000b974        0x0 linker stubs

.glue_7t        0x000000001000b974        0x0
 .glue_7t       0x000000001000b974        0x0 linker stubs

.vfp11_veneer   0x000000001000b974        0x0
 .vfp11_veneer  0x000000001000b974        0x0 linker stubs

.v4_bx          0x000000001000b974        0x0
 .v4_bx         0x000000001000b974        0x0 linker stubs

.iplt           0x000000001000b974        0x0
 .iplt          0x000000001000b974        0x0 /home/tony/Desktop/uboot-2015-dev/build/scp_task/task_entry.o

.rel.dyn        0x000000001000b974        0x0
 .rel.iplt      0x000000001000b974        0x0 /home/tony/Desktop/uboot-2015-dev/build/scp_task/task_entry.o

.common
 *(.commo*)
                0x000000001000c000                . = ALIGN (0x2000)

.data           0x000000001000c000      0x764
 *(.bss .data .rodata*)
 .data          0x000000001000c000        0x0 /home/tony/Desktop/uboot-2015-dev/build/scp_task/task_entry.o
 .bss           0x000000001000c000        0x0 /home/tony/Desktop/uboot-2015-dev/build/scp_task/task_entry.o
 .data          0x000000001000c000        0xc /home/tony/Desktop/uboot-2015-dev/build/scp_task/user_task.o
                0x000000001000c000                secure_task_share_mem
                0x000000001000c004                high_task_share_mem
                0x000000001000c008                low_task_share_mem
 .bss           0x000000001000c00c        0x4 /home/tony/Desktop/uboot-2015-dev/build/scp_task/user_task.o
                0x000000001000c00c                resume_data
 .rodata.str1.1
                0x000000001000c010       0x51 /home/tony/Desktop/uboot-2015-dev/build/scp_task/user_task.o
                                         0x53 (size before relaxing)
 .data          0x000000001000c061        0x0 /home/tony/Desktop/uboot-2015-dev/build/scp_task/misc.o
 .bss           0x000000001000c061        0x0 /home/tony/Desktop/uboot-2015-dev/build/scp_task/misc.o
 .data          0x000000001000c061        0x0 /home/tony/Desktop/uboot-2015-dev/build/scp_task/uart.o
 .bss           0x000000001000c061        0x0 /home/tony/Desktop/uboot-2015-dev/build/scp_task/uart.o
 *fill*         0x000000001000c061        0x3 
 .data          0x000000001000c064        0x4 /home/tony/Desktop/uboot-2015-dev/build/scp_task/suspend.o
                0x000000001000c064                usr_pwr_key
 .bss           0x000000001000c068      0x14c /home/tony/Desktop/uboot-2015-dev/build/scp_task/suspend.o
                0x000000001000c06c                backuAO_RTI_PIN_MUX_REG
                0x000000001000c070                backuAO_IR_DEC_REG0
                0x000000001000c074                backuAO_IR_DEC_REG1
                0x000000001000c078                backuAO_IR_DEC_LDR_ACTIVE
                0x000000001000c07c                backuAO_IR_DEC_LDR_IDLE
                0x000000001000c080                backuAO_IR_DEC_BIT_0
                0x000000001000c084                bakeuAO_IR_DEC_LDR_REPEAT
                0x000000001000c088                cec_msg
                0x000000001000c0d4                cec_tx_msgs
                0x000000001000c16c                hdmi_cec_func_config
                0x000000001000c1b0                time
 .rodata        0x000000001000c1b4      0x1f0 /home/tony/Desktop/uboot-2015-dev/build/scp_task/suspend.o
 .rodata.str1.1
                0x000000001000c3a4      0x212 /home/tony/Desktop/uboot-2015-dev/build/scp_task/suspend.o
                                        0x22a (size before relaxing)
 *fill*         0x000000001000c5b6        0x2 
 .data          0x000000001000c5b8      0x120 /home/tony/Desktop/uboot-2015-dev/build/scp_task/dvfs.o
                0x000000001000c5b8                pwm_voltage_table
                0x000000001000c6a0                cpu_dvfs_tbl
 .bss           0x000000001000c6d8       0x8c /home/tony/Desktop/uboot-2015-dev/build/scp_task/dvfs.o
                0x000000001000c6dc                buf_opp
 .data          0x000000001000c764        0x0 /home/tony/Desktop/uboot-2015-dev/build/scp_task/lib/string.o
 .bss           0x000000001000c764        0x0 /home/tony/Desktop/uboot-2015-dev/build/scp_task/lib/string.o
 .data          0x000000001000c764        0x0 /home/tony/Desktop/uboot-2015-dev/build/scp_task/lib/delay.o
 .bss           0x000000001000c764        0x0 /home/tony/Desktop/uboot-2015-dev/build/scp_task/lib/delay.o

.igot.plt       0x000000001000c764        0x0
 .igot.plt      0x000000001000c764        0x0 /home/tony/Desktop/uboot-2015-dev/build/scp_task/task_entry.o
                0x000000001000c764                . = ALIGN (0x4)
                0x000000001000c764                _bssstart = .

.bss
 *(.bss)
                0x000000001000c764                . = ALIGN (0x4)
                0x000000001000c764                _bssend = .
                0x000000001000cd80                . = 0x1000cd80

.bss_stack      0x000000001000cd80      0x600
 *(.bss_stack.usr_stack)
 .bss_stack.usr_stack
                0x000000001000cd80      0x600 /home/tony/Desktop/uboot-2015-dev/build/scp_task/task_entry.o
                0x0000000000000001                ASSERT ((_bssend <= 0x1000cd80), Data is too big. Please fine-tune start address and LENGTH!)
OUTPUT(/home/tony/Desktop/uboot-2015-dev/build/scp_task/bl301.out elf32-littlearm)

.comment        0x0000000000000000       0x38
 .comment       0x0000000000000000       0x38 /home/tony/Desktop/uboot-2015-dev/build/scp_task/user_task.o
                                         0x39 (size before relaxing)
 .comment       0x0000000000000038       0x39 /home/tony/Desktop/uboot-2015-dev/build/scp_task/uart.o
 .comment       0x0000000000000038       0x39 /home/tony/Desktop/uboot-2015-dev/build/scp_task/suspend.o
 .comment       0x0000000000000038       0x39 /home/tony/Desktop/uboot-2015-dev/build/scp_task/dvfs.o
 .comment       0x0000000000000038       0x39 /home/tony/Desktop/uboot-2015-dev/build/scp_task/lib/string.o
 .comment       0x0000000000000038       0x39 /home/tony/Desktop/uboot-2015-dev/build/scp_task/lib/delay.o
