
Discarded input sections

 .text          0x0000000000000000        0x0 /home/tony/Desktop/uboot-2015-dev/build/board/amlogic/gxl_p212_v1/firmware/build_message.o
 .data          0x0000000000000000        0x0 /home/tony/Desktop/uboot-2015-dev/build/board/amlogic/gxl_p212_v1/firmware/build_message.o
 .bss           0x0000000000000000        0x0 /home/tony/Desktop/uboot-2015-dev/build/board/amlogic/gxl_p212_v1/firmware/build_message.o
 .text          0x0000000000000000        0x0 /home/tony/Desktop/uboot-2015-dev/build/board/amlogic/gxl_p212_v1/firmware/acs.o
 .data          0x0000000000000000        0x0 /home/tony/Desktop/uboot-2015-dev/build/board/amlogic/gxl_p212_v1/firmware/acs.o
 .bss           0x0000000000000000        0x0 /home/tony/Desktop/uboot-2015-dev/build/board/amlogic/gxl_p212_v1/firmware/acs.o
 .data          0x0000000000000000        0x0 /home/tony/Desktop/uboot-2015-dev/build/board/amlogic/gxl_p212_v1/firmware/acs_entry.o
 .bss           0x0000000000000000        0x0 /home/tony/Desktop/uboot-2015-dev/build/board/amlogic/gxl_p212_v1/firmware/acs_entry.o

Memory Configuration

Name             Origin             Length             Attributes
*default*        0x0000000000000000 0xffffffffffffffff

Linker script and memory map

                0x0000000000000000                . = 0x0

ro              0x0000000000000000       0x48
                0x0000000000000000                __RO_START__ = .
 *acs_entry.o(.text*)
 .text          0x0000000000000000        0xc /home/tony/Desktop/uboot-2015-dev/build/board/amlogic/gxl_p212_v1/firmware/acs_entry.o
                0x0000000000000000                acs_entry
 *(.text*)
 *(.rodata*)
 *fill*         0x000000000000000c        0x4 
 .rodata.build_message
                0x0000000000000010       0x38 /home/tony/Desktop/uboot-2015-dev/build/board/amlogic/gxl_p212_v1/firmware/build_message.o
                0x0000000000000010                build_message
 *(.vectors)
                0x0000000000000048                __RO_END_UNALIGNED__ = .
                0x0000000000000048                __RO_END__ = .

.data           0x0000000000000048      0x350
                0x0000000000000048                __DATA_START__ = .
 *(.data*)
 .data.__ddr_setting
                0x0000000000000048      0x180 /home/tony/Desktop/uboot-2015-dev/build/board/amlogic/gxl_p212_v1/firmware/acs.o
                0x0000000000000048                __ddr_setting
 .data.__ddr_timming
                0x00000000000001c8      0x150 /home/tony/Desktop/uboot-2015-dev/build/board/amlogic/gxl_p212_v1/firmware/acs.o
                0x00000000000001c8                __ddr_timming
 .data.__acs_set
                0x0000000000000318       0x40 /home/tony/Desktop/uboot-2015-dev/build/board/amlogic/gxl_p212_v1/firmware/acs.o
                0x0000000000000318                __acs_set
 .data.__pll_setting
                0x0000000000000358       0x40 /home/tony/Desktop/uboot-2015-dev/build/board/amlogic/gxl_p212_v1/firmware/acs.o
                0x0000000000000358                __pll_setting
                0x0000000000000398                __DATA_END__ = .

.bss            0x00000000000003a0        0x0
                0x00000000000003a0                __BSS_START__ = .
 *(.bss*)
                0x00000000000003a0                __BSS_END__ = .
                0x0000000000000001                ASSERT ((. <= 0x1000), timing image has exceeded its limit.)
LOAD /home/tony/Desktop/uboot-2015-dev/build/board/amlogic/gxl_p212_v1/firmware/build_message.o
LOAD /home/tony/Desktop/uboot-2015-dev/build/board/amlogic/gxl_p212_v1/firmware/acs.o
LOAD /home/tony/Desktop/uboot-2015-dev/build/board/amlogic/gxl_p212_v1/firmware/acs_entry.o
OUTPUT(/home/tony/Desktop/uboot-2015-dev/build/board/amlogic/gxl_p212_v1/firmware/acs.elf elf64-littleaarch64)

.debug_info     0x0000000000000000      0x912
 .debug_info    0x0000000000000000       0x52 /home/tony/Desktop/uboot-2015-dev/build/board/amlogic/gxl_p212_v1/firmware/build_message.o
 .debug_info    0x0000000000000052      0x8c0 /home/tony/Desktop/uboot-2015-dev/build/board/amlogic/gxl_p212_v1/firmware/acs.o

.debug_abbrev   0x0000000000000000       0xea
 .debug_abbrev  0x0000000000000000       0x43 /home/tony/Desktop/uboot-2015-dev/build/board/amlogic/gxl_p212_v1/firmware/build_message.o
 .debug_abbrev  0x0000000000000043       0xa7 /home/tony/Desktop/uboot-2015-dev/build/board/amlogic/gxl_p212_v1/firmware/acs.o

.debug_aranges  0x0000000000000000       0x40
 .debug_aranges
                0x0000000000000000       0x20 /home/tony/Desktop/uboot-2015-dev/build/board/amlogic/gxl_p212_v1/firmware/build_message.o
 .debug_aranges
                0x0000000000000020       0x20 /home/tony/Desktop/uboot-2015-dev/build/board/amlogic/gxl_p212_v1/firmware/acs.o

.debug_line     0x0000000000000000       0xed
 .debug_line    0x0000000000000000       0x28 /home/tony/Desktop/uboot-2015-dev/build/board/amlogic/gxl_p212_v1/firmware/build_message.o
 .debug_line    0x0000000000000028       0xc5 /home/tony/Desktop/uboot-2015-dev/build/board/amlogic/gxl_p212_v1/firmware/acs.o

.debug_str      0x0000000000000000      0x9b5
 .debug_str     0x0000000000000000      0x124 /home/tony/Desktop/uboot-2015-dev/build/board/amlogic/gxl_p212_v1/firmware/build_message.o
                                        0x129 (size before relaxing)
 .debug_str     0x0000000000000124      0x891 /home/tony/Desktop/uboot-2015-dev/build/board/amlogic/gxl_p212_v1/firmware/acs.o
                                        0x9c1 (size before relaxing)

.comment        0x0000000000000000       0x5f
 .comment       0x0000000000000000       0x5f /home/tony/Desktop/uboot-2015-dev/build/board/amlogic/gxl_p212_v1/firmware/build_message.o
                                         0x60 (size before relaxing)
 .comment       0x0000000000000000       0x60 /home/tony/Desktop/uboot-2015-dev/build/board/amlogic/gxl_p212_v1/firmware/acs.o
