
Discarded input sections

 .data          0x0000000000000000        0x0 arch/arm/cpu/armv8/start.o
 .bss           0x0000000000000000        0x0 arch/arm/cpu/armv8/start.o
 .text.set_pgtable_section
                0x0000000000000000       0x14 arch/arm/cpu/armv8/built-in.o
 .text.board_usb_stop
                0x0000000000000000       0x24 arch/arm/cpu/armv8/built-in.o
 .text.meson_trustzone_efuse_writepattern
                0x0000000000000000       0x48 arch/arm/cpu/armv8/built-in.o
 .text.meson_trustzone_efuse_check
                0x0000000000000000       0x3c arch/arm/cpu/armv8/built-in.o
 .text.debug_efuse_cmd
                0x0000000000000000        0x8 arch/arm/cpu/armv8/built-in.o
 .text.bl31_debug_efuse_write_pattern
                0x0000000000000000       0x60 arch/arm/cpu/armv8/built-in.o
 .text.bl31_debug_efuse_read_pattern
                0x0000000000000000       0x64 arch/arm/cpu/armv8/built-in.o
 .text.aml_get_reboot_reason
                0x0000000000000000       0x10 arch/arm/cpu/armv8/built-in.o
 .text.watchdog_init
                0x0000000000000000       0x4c arch/arm/cpu/armv8/built-in.o
 .text.watchdog_reset
                0x0000000000000000       0x10 arch/arm/cpu/armv8/built-in.o
 .text.watchdog_disable
                0x0000000000000000       0x24 arch/arm/cpu/armv8/built-in.o
 .text.hdmitx_poll_reg
                0x0000000000000000       0x5c arch/arm/cpu/armv8/built-in.o
 .text.thermal_get_value
                0x0000000000000000       0x88 arch/arm/cpu/armv8/built-in.o
 .text.bubble_sort
                0x0000000000000000       0x50 arch/arm/cpu/armv8/built-in.o
 .text.get_board_id
                0x0000000000000000       0xb4 arch/arm/cpu/armv8/built-in.o
 .rodata.sam_val
                0x0000000000000000       0x38 arch/arm/cpu/armv8/built-in.o
 .rodata.SAMP_COUNT
                0x0000000000000000        0x4 arch/arm/cpu/armv8/built-in.o
 .data          0x0000000000000000        0x0 arch/arm/cpu/armv8/built-in.o
 .bss           0x0000000000000000        0x0 arch/arm/cpu/armv8/built-in.o
 .bss.adc_sample
                0x0000000000000000       0x28 arch/arm/cpu/armv8/built-in.o
 .text.setup_board_tags
                0x0000000000000000        0x4 arch/arm/lib/built-in.o
 .text.flush_cache
                0x0000000000000000        0x4 arch/arm/lib/built-in.o
 .text.flush_dcache_all
                0x0000000000000000        0xc arch/arm/lib/built-in.o
 .text.enable_caches
                0x0000000000000000        0xc arch/arm/lib/built-in.o
 .data          0x0000000000000000        0x0 arch/arm/lib/built-in.o
 .__secure_start
                0x0000000000000000        0x0 arch/arm/lib/built-in.o
 .__end         0x0000000000000000        0x0 arch/arm/lib/built-in.o
 .__secure_end  0x0000000000000000        0x0 arch/arm/lib/built-in.o
 .bss           0x0000000000000000        0x0 arch/arm/lib/built-in.o
 .text          0x0000000000000000        0x0 board/amlogic/gxl_p212_v1/built-in.o
 .text.eth_board_setup
                0x0000000000000000       0x84 board/amlogic/gxl_p212_v1/built-in.o
 .data          0x0000000000000000        0x0 board/amlogic/gxl_p212_v1/built-in.o
 .bss           0x0000000000000000        0x0 board/amlogic/gxl_p212_v1/built-in.o
 .bss.eth_board_skt
                0x0000000000000000        0x8 board/amlogic/gxl_p212_v1/built-in.o
 .text          0x0000000000000000        0x0 common/built-in.o
 .text.hash_block
                0x0000000000000000       0x78 common/built-in.o
 .text.unset_local_var
                0x0000000000000000       0xc0 common/built-in.o
 .text.coloured_LED_init
                0x0000000000000000        0x4 common/built-in.o
 .text.red_led_on
                0x0000000000000000        0x4 common/built-in.o
 .text.red_led_off
                0x0000000000000000        0x4 common/built-in.o
 .text.green_led_on
                0x0000000000000000        0x4 common/built-in.o
 .text.green_led_off
                0x0000000000000000        0x4 common/built-in.o
 .text.yellow_led_on
                0x0000000000000000        0x4 common/built-in.o
 .text.yellow_led_off
                0x0000000000000000        0x4 common/built-in.o
 .text.blue_led_on
                0x0000000000000000        0x4 common/built-in.o
 .text.blue_led_off
                0x0000000000000000        0x4 common/built-in.o
 .text.board_flash_wp_on
                0x0000000000000000        0x8 common/built-in.o
 .text.fixup_cpu
                0x0000000000000000        0x8 common/built-in.o
 .text.env_flags_parse_varaccess_from_binflags
                0x0000000000000000       0x2c common/built-in.o
 .text.amlnand_env_int
                0x0000000000000000       0x1c common/built-in.o
 .text.mmc_env_init
                0x0000000000000000       0x1c common/built-in.o
 .text.gunzip_bmp
                0x0000000000000000        0x8 common/built-in.o
 .text.invalidate_icache_all
                0x0000000000000000        0xc common/built-in.o
 .text.flush_dcache_all
[...]
Memory Configuration

Name             Origin             Length             Attributes
*default*        0x0000000000000000 0xffffffffffffffff

Linker script and memory map

Address of section .text set to 0x1000000
                0x0000000000000000                . = 0x0
                0x0000000000000000                . = ALIGN (0x8)

.text           0x0000000001000000    0x80b68
 *(.__image_copy_start)
 .__image_copy_start
                0x0000000001000000        0x0 arch/arm/lib/built-in.o
                0x0000000001000000                __image_copy_start
 arch/arm/cpu/armv8/start.o(.text*)
 .text          0x0000000001000000      0x138 arch/arm/cpu/armv8/start.o
                0x0000000001000000                _start
                0x0000000001000008                _TEXT_BASE
                0x0000000001000010                _end_ofs
                0x0000000001000018                _bss_start_ofs
                0x0000000001000020                _bss_end_ofs
                0x00000000010000b8                lowlevel_init
                0x00000000010000e0                smp_kick_all_cpus
                0x00000000010000ec                c_runtime_cpu_setup
 *(.text*)
 *fill*         0x0000000001000138      0x6c8 
 .text          0x0000000001000800      0xa64 arch/arm/cpu/armv8/built-in.o
                0x0000000001000800                vectors
                0x0000000001001000                __asm_flush_dcache_level
                0x0000000001001064                __asm_dcache_all
                0x00000000010010c4                __asm_flush_dcache_all
                0x00000000010010d8                __asm_invalidate_dcache_all
                0x00000000010010ec                __asm_flush_dcache_range
                0x0000000001001120                __asm_invalidate_icache_all
                0x000000000100112c                __asm_invalidate_tlb_all
                0x0000000001001178                armv8_switch_to_el2
                0x00000000010011d8                armv8_switch_to_el1
 .text.cleanup_before_linux
                0x0000000001001264       0x28 arch/arm/cpu/armv8/built-in.o
                0x0000000001001264                cleanup_before_linux
 .text.get_tbclk
                0x000000000100128c        0x8 arch/arm/cpu/armv8/built-in.o
                0x000000000100128c                get_tbclk
 .text.timer_read_counter
                0x0000000001001294        0xc arch/arm/cpu/armv8/built-in.o
                0x0000000001001294                timer_read_counter
 .text.invalidate_dcache_all
                0x00000000010012a0        0x4 arch/arm/cpu/armv8/built-in.o
                0x00000000010012a0                invalidate_dcache_all
 .text.flush_l3_cache
                0x00000000010012a4        0x4 arch/arm/cpu/armv8/built-in.o
                0x00000000010012a4                flush_l3_cache
 .text.flush_dcache_all
                0x00000000010012a8       0x14 arch/arm/cpu/armv8/built-in.o
                0x00000000010012a8                flush_dcache_all
 .text.invalidate_dcache_range
                0x00000000010012bc        0x4 arch/arm/cpu/armv8/built-in.o
                0x00000000010012bc                invalidate_dcache_range
 .text.flush_dcache_range
                0x00000000010012c0        0x4 arch/arm/cpu/armv8/built-in.o
                0x00000000010012c0                flush_dcache_range
 .text.dcache_enable
                0x00000000010012c4      0x258 arch/arm/cpu/armv8/built-in.o
                0x00000000010012c4                dcache_enable
 .text.dcache_disable
                0x000000000100151c       0x88 arch/arm/cpu/armv8/built-in.o
                0x000000000100151c                dcache_disable
 .text.dcache_status
                0x00000000010015a4       0x34 arch/arm/cpu/armv8/built-in.o
                0x00000000010015a4                dcache_status
 .text.icache_enable
                0x00000000010015d8       0x74 arch/arm/cpu/armv8/built-in.o
                0x00000000010015d8                icache_enable
 .text.icache_disable
                0x000000000100164c       0x64 arch/arm/cpu/armv8/built-in.o
                0x000000000100164c                icache_disable
 .text.icache_status
                0x00000000010016b0       0x34 arch/arm/cpu/armv8/built-in.o
                0x00000000010016b0                icache_status
 .text.invalidate_icache_all
                0x00000000010016e4        0x4 arch/arm/cpu/armv8/built-in.o
                0x00000000010016e4                invalidate_icache_all
 .text.enable_caches
                0x00000000010016e8       0x14 arch/arm/cpu/armv8/built-in.o
                0x00000000010016e8                enable_caches
 .text.flush_cache
                0x00000000010016fc        0x8 arch/arm/cpu/armv8/built-in.o
                0x00000000010016fc                flush_cache
 .text.get_cpu_id
                0x0000000001001704       0x34 arch/arm/cpu/armv8/built-in.o
                0x0000000001001704                get_cpu_id
 .text.get_chip_id
                0x0000000001001738       0x84 arch/arm/cpu/armv8/built-in.o
                0x0000000001001738                get_chip_id
 .text.clk_get_rate
                0x00000000010017bc       0x38 arch/arm/cpu/armv8/built-in.o
                0x00000000010017bc                clk_get_rate
 .text.clk_util_clk_msr
                0x00000000010017f4       0xf0 arch/arm/cpu/armv8/built-in.o
                0x00000000010017f4                clk_util_clk_msr
 .text.get_clk81
                0x00000000010018e4       0x50 arch/arm/cpu/armv8/built-in.o
                0x00000000010018e4                get_clk81
 .text.clk_msr  0x0000000001001934       0xbc arch/arm/cpu/armv8/built-in.o
                0x0000000001001934                clk_msr
 .text.cpu_sd_emmc_pwr_prepare
                0x00000000010019f0       0x4c arch/arm/cpu/armv8/built-in.o
                0x00000000010019f0                cpu_sd_emmc_pwr_prepare
 .text.cpu_sd_emmc_init
                0x0000000001001a3c       0xd8 arch/arm/cpu/armv8/built-in.o
                0x0000000001001a3c                cpu_sd_emmc_init
 .text.clear_pinmux
                0x0000000001001b14       0x68 arch/arm/cpu/armv8/built-in.o
                0x0000000001001b14                clear_pinmux
 .text.board_usb_start
                0x0000000001001b7c       0x74 arch/arm/cpu/armv8/built-in.o
                0x0000000001001b7c                board_usb_start
 .text.board_usb_init
                0x0000000001001bf0       0x64 arch/arm/cpu/armv8/built-in.o
                0x0000000001001bf0                board_usb_init
 .text.get_usb_count
                0x0000000001001c54       0x10 arch/arm/cpu/armv8/built-in.o
                0x0000000001001c54                get_usb_count
 .text.get_sharemem_info
                0x0000000001001c64        0x8 arch/arm/cpu/armv8/built-in.o
                0x0000000001001c64                get_sharemem_info
 .text.meson_trustzone_efuse
                0x0000000001001c6c      0x110 arch/arm/cpu/armv8/built-in.o
                0x0000000001001c6c                meson_trustzone_efuse
 .text.meson_trustzone_efuse_get_max
                0x0000000001001d7c       0x18 arch/arm/cpu/armv8/built-in.o
                0x0000000001001d7c                meson_trustzone_efuse_get_max
 .text.aml_set_jtag_state
                0x0000000001001d94       0x1c arch/arm/cpu/armv8/built-in.o
                0x0000000001001d94                aml_set_jtag_state
 .text.aml_reboot
                0x0000000001001db0       0x10 arch/arm/cpu/armv8/built-in.o
                0x0000000001001db0                aml_reboot
 .text.aml_sec_boot_check
                0x0000000001001dc0       0x54 arch/arm/cpu/armv8/built-in.o
                0x0000000001001dc0                aml_sec_boot_check
 .text.set_usb_boot_function
                0x0000000001001e14       0x14 arch/arm/cpu/armv8/built-in.o
                0x0000000001001e14                set_usb_boot_function
 .text.aml_system_off
                0x0000000001001e28       0x3c arch/arm/cpu/armv8/built-in.o
                0x0000000001001e28                aml_system_off
 .text.__get_chip_id
                0x0000000001001e64      0x10c arch/arm/cpu/armv8/built-in.o
                0x0000000001001e64                __get_chip_id
 .text.reset_system
                0x0000000001001f70       0x68 arch/arm/cpu/armv8/built-in.o
                0x0000000001001f70                reset_system
 .text.reset_cpu
                0x0000000001001fd8        0xc arch/arm/cpu/armv8/built-in.o
                0x0000000001001fd8                reset_cpu
 .text.hd_read_reg
                0x0000000001001fe4        0xc arch/arm/cpu/armv8/built-in.o
                0x0000000001001fe4                hd_read_reg
 .text.hd_write_reg
                0x0000000001001ff0        0x8 arch/arm/cpu/armv8/built-in.o
                0x0000000001001ff0                hd_write_reg
 .text.hd_set_reg_bits
                0x0000000001001ff8       0x5c arch/arm/cpu/armv8/built-in.o
                0x0000000001001ff8                hd_set_reg_bits
 .text.hdmitx_rd_reg
                0x0000000001002054       0x6c arch/arm/cpu/armv8/built-in.o
                0x0000000001002054                hdmitx_rd_reg
 .text.hdmitx_wr_reg
                0x00000000010020c0       0x78 arch/arm/cpu/armv8/built-in.o
                0x00000000010020c0                hdmitx_wr_reg
 .text.hdmitx_set_reg_bits
                0x0000000001002138       0x5c arch/arm/cpu/armv8/built-in.o
                0x0000000001002138                hdmitx_set_reg_bits
 .text.hdmitx_rd_check_reg
                0x0000000001002194       0x78 arch/arm/cpu/armv8/built-in.o
                0x0000000001002194                hdmitx_rd_check_reg
 .text.hdmitx_turnoff
                0x000000000100220c       0x3c arch/arm/cpu/armv8/built-in.o
 .text.hdmitx_get_hpd_state
                0x0000000001002248       0x20 arch/arm/cpu/armv8/built-in.o
 .text.hdmitx_list_support_modes
                0x0000000001002268       0x50 arch/arm/cpu/armv8/built-in.o
 .text.dump_regs
                0x00000000010022b8      0x18c arch/arm/cpu/armv8/built-in.o
 .text.scdc_wr_sink
                0x0000000001002444       0x64 arch/arm/cpu/armv8/built-in.o
 .text.hdmitx_output_blank
                0x00000000010024a8       0x34 arch/arm/cpu/armv8/built-in.o
 .text.set_phy_by_mode.part.2
                0x00000000010024dc       0x34 arch/arm/cpu/armv8/built-in.o
 .text.set_phy_by_mode
                0x0000000001002510       0xa4 arch/arm/cpu/armv8/built-in.o
 .text.hdmitx_test_bist
                0x00000000010025b4       0x7c arch/arm/cpu/armv8/built-in.o
 .text.hdmitx_hw_init
                0x0000000001002630      0x138 arch/arm/cpu/armv8/built-in.o
 .text.ddc_init
                0x0000000001002768      0x174 arch/arm/cpu/armv8/built-in.o
 .text.hdmitx_read_edid
                0x00000000010028dc      0x130 arch/arm/cpu/armv8/built-in.o
 .text.scdc_rd_sink.constprop.8
                0x0000000001002a0c       0x64 arch/arm/cpu/armv8/built-in.o
 .text.hdmi_tx_init
                0x0000000001002a70       0x60 arch/arm/cpu/armv8/built-in.o
                0x0000000001002a70                hdmi_tx_init
 .text.hdmi_tx_set
                0x0000000001002ad0     0x2654 arch/arm/cpu/armv8/built-in.o
                0x0000000001002ad0                hdmi_tx_set
 .text.set_vmode_enc_hw
                0x0000000001005124       0x98 arch/arm/cpu/armv8/built-in.o
                0x0000000001005124                set_vmode_enc_hw
 .text.set_viu_path
                0x00000000010051bc       0x54 arch/arm/cpu/armv8/built-in.o
                0x00000000010051bc                set_viu_path
 .text.set_hdmitx_clk_
                0x0000000001005210     0x1270 arch/arm/cpu/armv8/built-in.o
 .text.set_hdmitx_clk
                0x0000000001006480       0xf4 arch/arm/cpu/armv8/built-in.o
                0x0000000001006480                set_hdmitx_clk
 .text.get_time
                0x0000000001006574       0x10 arch/arm/cpu/armv8/built-in.o
                0x0000000001006574                get_time
 .text._udelay  0x0000000001006584       0x28 arch/arm/cpu/armv8/built-in.o
                0x0000000001006584                _udelay
 .text.open_scp_log
                0x00000000010065ac       0x70 arch/arm/cpu/armv8/built-in.o
                0x00000000010065ac                open_scp_log
 .text.thermal_calibration
                0x000000000100661c       0x84 arch/arm/cpu/armv8/built-in.o
                0x000000000100661c                thermal_calibration
 .text.ee_gate_off
                0x00000000010066a0        0xc arch/arm/cpu/armv8/built-in.o
                0x00000000010066a0                ee_gate_off
 .text.ee_gate_on
                0x00000000010066ac      0x834 arch/arm/cpu/armv8/built-in.o
                0x00000000010066ac                ee_gate_on
 .text.reg_update_bits
                0x0000000001006ee0       0x28 arch/arm/cpu/armv8/built-in.o
 .text.audio_hw_958_enable.part.0
                0x0000000001006f08       0x3c arch/arm/cpu/armv8/built-in.o
 .text.aml_audio_init
                0x0000000001006f44      0x2f0 arch/arm/cpu/armv8/built-in.o
                0x0000000001006f44                aml_audio_init
 .text.irblaster_pinmux_config
                0x0000000001007234       0x34 arch/arm/cpu/armv8/built-in.o
                0x0000000001007234                irblaster_pinmux_config
 .text          0x0000000001007268      0x168 arch/arm/lib/built-in.o
                0x0000000001007268                _main
                0x00000000010072e8                relocate_code
                0x00000000010073c0                gic_init_secure
                0x00000000010073c4                gic_init_secure_percpu
                0x00000000010073c8                gic_kick_secondary_cpus
                0x00000000010073cc                gic_wait_for_interrupt
 .text.arch_fixup_fdt
                0x00000000010073d0       0x34 arch/arm/lib/built-in.o
                0x00000000010073d0                arch_fixup_fdt
 .text.boot_jump_linux
                0x0000000001007404       0xa8 arch/arm/lib/built-in.o
 .text.boot_prep_linux
                0x00000000010074ac       0x58 arch/arm/lib/built-in.o
 .text.arch_lmb_reserve
                0x0000000001007504       0x24 arch/arm/lib/built-in.o
                0x0000000001007504                arch_lmb_reserve
 .text.do_bootm_linux
                0x0000000001007528       0x78 arch/arm/lib/built-in.o
                0x0000000001007528                do_bootm_linux
 .text.boot_prep_vxworks
                0x00000000010075a0       0x4c arch/arm/lib/built-in.o
                0x00000000010075a0                boot_prep_vxworks
 .text.boot_jump_vxworks
                0x00000000010075ec       0x1c arch/arm/lib/built-in.o
                0x00000000010075ec                boot_jump_vxworks
 .text.interrupt_init
                0x0000000001007608        0x8 arch/arm/lib/built-in.o
                0x0000000001007608                interrupt_init
 .text.enable_interrupts
                0x0000000001007610        0x4 arch/arm/lib/built-in.o
                0x0000000001007610                enable_interrupts
 .text.disable_interrupts
                0x0000000001007614        0x8 arch/arm/lib/built-in.o
                0x0000000001007614                disable_interrupts
 .text.show_regs
                0x000000000100761c       0x7c arch/arm/lib/built-in.o
                0x000000000100761c                show_regs
 .text.do_bad_sync
                0x0000000001007698       0x30 arch/arm/lib/built-in.o
                0x0000000001007698                do_bad_sync
 .text.do_bad_irq
                0x00000000010076c8       0x30 arch/arm/lib/built-in.o
                0x00000000010076c8                do_bad_irq
 .text.do_bad_fiq
                0x00000000010076f8       0x30 arch/arm/lib/built-in.o
                0x00000000010076f8                do_bad_fiq
 .text.do_bad_error
                0x0000000001007728       0x30 arch/arm/lib/built-in.o
                0x0000000001007728                do_bad_error
 .text.do_sync  0x0000000001007758       0x30 arch/arm/lib/built-in.o
                0x0000000001007758                do_sync
 .text.do_irq   0x0000000001007788       0x30 arch/arm/lib/built-in.o
                0x0000000001007788                do_irq
 .text.do_fiq   0x00000000010077b8       0x30 arch/arm/lib/built-in.o
                0x00000000010077b8                do_fiq
 .text.do_error
                0x00000000010077e8       0x30 arch/arm/lib/built-in.o
                0x00000000010077e8                do_error
 .text.reset_misc
                0x0000000001007818        0x4 arch/arm/lib/built-in.o
                0x0000000001007818                reset_misc
 .text.do_reset
                0x000000000100781c       0x38 arch/arm/lib/built-in.o
                0x000000000100781c                do_reset
 .text.sd_emmc_pwr_on
                0x0000000001007854        0x4 board/amlogic/gxl_p212_v1/built-in.o
 .text.sd_emmc_pwr_off
                0x0000000001007858        0x4 board/amlogic/gxl_p212_v1/built-in.o
 .text.board_mmc_register
                0x000000000100785c       0xa0 board/amlogic/gxl_p212_v1/built-in.o
 .text.sd_emmc_pwr_prepare
                0x00000000010078fc        0x4 board/amlogic/gxl_p212_v1/built-in.o
 .text.sd_emmc_init
                0x0000000001007900        0x4 board/amlogic/gxl_p212_v1/built-in.o
 .text.sd_emmc_detect
                0x0000000001007904       0xcc board/amlogic/gxl_p212_v1/built-in.o
 .text.serial_set_pin_port
                0x00000000010079d0        0x8 board/amlogic/gxl_p212_v1/built-in.o
                0x00000000010079d0                serial_set_pin_port
 .text.dram_init
                0x00000000010079d8        0xc board/amlogic/gxl_p212_v1/built-in.o
                0x00000000010079d8                dram_init
 .text.secondary_boot_func
                0x00000000010079e4        0x4 board/amlogic/gxl_p212_v1/built-in.o
                0x00000000010079e4                secondary_boot_func
 .text.internalPhyConfig
                0x00000000010079e8      0x16c board/amlogic/gxl_p212_v1/built-in.o
                0x00000000010079e8                internalPhyConfig
 .text.board_eth_init
                0x0000000001007b54       0xa4 board/amlogic/gxl_p212_v1/built-in.o
                0x0000000001007b54                board_eth_init
 .text.board_mmc_init
                0x0000000001007bf8       0x24 board/amlogic/gxl_p212_v1/built-in.o
                0x0000000001007bf8                board_mmc_init
 .text.board_init
                0x0000000001007c1c      0x130 board/amlogic/gxl_p212_v1/built-in.o
                0x0000000001007c1c                board_init
 .text.board_late_init
                0x0000000001007d4c      0x128 board/amlogic/gxl_p212_v1/built-in.o
                0x0000000001007d4c                board_late_init
 .text.get_effective_memsize
                0x0000000001007e74       0x20 board/amlogic/gxl_p212_v1/built-in.o
                0x0000000001007e74                get_effective_memsize
 .text.checkhw  0x0000000001007e94       0xc8 board/amlogic/gxl_p212_v1/built-in.o
                0x0000000001007e94                checkhw
 .text.show_boot_progress
                0x0000000001007f5c        0x4 common/built-in.o
                0x0000000001007f5c                show_boot_progress
 .text.main_loop
                0x0000000001007f60       0x40 common/built-in.o
                0x0000000001007f60                main_loop
 .text.dummy    0x0000000001007fa0        0x4 common/built-in.o
 .text.get_version
                0x0000000001007fa4        0x8 common/built-in.o
                0x0000000001007fa4                get_version
 .text.jumptable_init
                0x0000000001007fac      0x1b0 common/built-in.o
                0x0000000001007fac                jumptable_init
 .text.hash_finish_crc32
                0x000000000100815c       0x38 common/built-in.o
 .text.hash_update_crc32
                0x0000000001008194       0x34 common/built-in.o
 .text.hash_init_crc32
                0x00000000010081c8       0x2c common/built-in.o
 .text.hash_finish_sha256
                0x00000000010081f4       0x48 common/built-in.o
 .text.hash_update_sha256
                0x000000000100823c       0x24 common/built-in.o
 .text.hash_init_sha256
                0x0000000001008260       0x38 common/built-in.o
 .text.hash_lookup_algo
                0x0000000001008298       0x70 common/built-in.o
                0x0000000001008298                hash_lookup_algo
 .text.hash_show
                0x0000000001008308       0x74 common/built-in.o
                0x0000000001008308                hash_show
 .text.hash_command
                0x000000000100837c      0x1a8 common/built-in.o
                0x000000000100837c                hash_command
 .text.b_reset  0x0000000001008524       0x18 common/built-in.o
 .text.static_get
                0x000000000100853c       0x1c common/built-in.o
 .text.static_peek
                0x0000000001008558        0xc common/built-in.o
 .text.file_peek
                0x0000000001008564        0xc common/built-in.o
 .text.mapset   0x0000000001008570       0x20 common/built-in.o
 .text.syntax_err
                0x0000000001008590        0xc common/built-in.o
 .text.free_pipe_list
                0x000000000100859c       0xf8 common/built-in.o
 .text.xmalloc  0x0000000001008694       0x28 common/built-in.o
 .text.new_pipe
                0x00000000010086bc       0x2c common/built-in.o
 .text.xrealloc
                0x00000000010086e8       0x28 common/built-in.o
 .text.done_command
                0x0000000001008710       0x94 common/built-in.o
 .text.done_pipe
                0x00000000010087a4       0x58 common/built-in.o
 .text.done_word
                0x00000000010087fc      0x2ac common/built-in.o
 .text.do_showvar
                0x0000000001008aa8      0x130 common/built-in.o
 .text.is_assignment
                0x0000000001008bd8       0x54 common/built-in.o
 .text.file_get
                0x0000000001008c2c      0x218 common/built-in.o
 .text.b_addchr
                0x0000000001008e44       0x90 common/built-in.o
 .text.b_addqchr
                0x0000000001008ed4       0x58 common/built-in.o
 .text.get_local_var
                0x0000000001008f2c       0xa0 common/built-in.o
                0x0000000001008f2c                get_local_var
 .text.set_local_var
                0x0000000001008fcc      0x1bc common/built-in.o
                0x0000000001008fcc                set_local_var
 .text.insert_var_value_sub
                0x0000000001009188      0x2b0 common/built-in.o
 .text.parse_string_outer
                0x0000000001009438      0x104 common/built-in.o
                0x0000000001009438                parse_string_outer
 .text.run_list_real
                0x000000000100953c      0x7b0 common/built-in.o
 .text.parse_stream_outer
                0x0000000001009cec      0x6f0 common/built-in.o
 .text.parse_file_outer
                0x000000000100a3dc       0x44 common/built-in.o
                0x000000000100a3dc                parse_file_outer
 .text.u_boot_hush_start
                0x000000000100a420       0x60 common/built-in.o
                0x000000000100a420                u_boot_hush_start
 .text.bootdelay_process
                0x000000000100a480       0x5c common/built-in.o
                0x000000000100a480                bootdelay_process
 .text.autoboot_command
                0x000000000100a4dc      0x12c common/built-in.o
                0x000000000100a4dc                autoboot_command
 .text.print_cpuinfo
                0x000000000100a608        0x8 common/built-in.o
 .text.display_text_info
                0x000000000100a610        0x8 common/built-in.o
 .text.setup_mon_len
                0x000000000100a618       0x20 common/built-in.o
 .text.arch_cpu_init
                0x000000000100a638        0x8 common/built-in.o
                0x000000000100a638                arch_cpu_init
 .text.setup_fdt
                0x000000000100a640        0x8 common/built-in.o
 .text.reserve_round_4k
                0x000000000100a648       0x14 common/built-in.o
 .text.reserve_mmu
                0x000000000100a65c       0x34 common/built-in.o
 .text.reserve_trace
                0x000000000100a690        0x8 common/built-in.o
 .text.reserve_uboot
                0x000000000100a698       0x2c common/built-in.o
 .text.reserve_malloc
                0x000000000100a6c4       0x1c common/built-in.o
 .text.setup_machine
                0x000000000100a6e0        0x8 common/built-in.o
 .text.reserve_global_data
                0x000000000100a6e8       0x1c common/built-in.o
 .text.reserve_fdt
                0x000000000100a704       0x48 common/built-in.o
 .text.reserve_stacks
                0x000000000100a74c       0x28 common/built-in.o
 .text.display_new_sp
                0x000000000100a774        0x8 common/built-in.o
 .text.initf_malloc
                0x000000000100a77c        0x8 common/built-in.o
 .text.initf_dm
                0x000000000100a784        0x8 common/built-in.o
 .text.reloc_fdt
                0x000000000100a78c       0x34 common/built-in.o
 .text.setup_reloc
                0x000000000100a7c0       0x44 common/built-in.o
 .text.announce_dram_init
                0x000000000100a804       0x20 common/built-in.o
 .text.init_baud_rate
                0x000000000100a824       0x3c common/built-in.o
 .text.mark_bootstage
                0x000000000100a860       0x1c common/built-in.o
 .text.reserve_board
                0x000000000100a87c       0x3c common/built-in.o
 .text.board_add_ram_info
                0x000000000100a8b8        0x4 common/built-in.o
                0x000000000100a8b8                board_add_ram_info
 .text.show_dram_config
                0x000000000100a8bc       0x40 common/built-in.o
 .text.dram_init_banksize
                0x000000000100a8fc       0x2c common/built-in.o
                0x000000000100a8fc                dram_init_banksize
 .text.setup_dram_config
                0x000000000100a928       0x18 common/built-in.o
 .text.board_get_usable_ram_top
                0x000000000100a940        0x8 common/built-in.o
                0x000000000100a940                board_get_usable_ram_top
 .text.setup_dest_addr
                0x000000000100a948       0x5c common/built-in.o
 .text.board_init_f
                0x000000000100a9a4       0x4c common/built-in.o
                0x000000000100a9a4                board_init_f
 .text.bootstage_relocate
                0x000000000100a9f0        0x8 common/built-in.o
 .text.initr_trace
                0x000000000100a9f8        0x8 common/built-in.o
 .text.initr_reloc_global_data
                0x000000000100aa00       0x28 common/built-in.o
 .text.initr_barrier
                0x000000000100aa28        0x8 common/built-in.o
 .text.power_init_board
                0x000000000100aa30        0x8 common/built-in.o
                0x000000000100aa30                power_init_board
 .text.initr_announce
                0x000000000100aa38        0x8 common/built-in.o
 .text.run_main_loop
                0x000000000100aa40       0x10 common/built-in.o
 .text.initr_net
                0x000000000100aa50       0x28 common/built-in.o
 .text.initr_ethaddr
                0x000000000100aa78       0x28 common/built-in.o
 .text.initr_enable_interrupts
                0x000000000100aaa0       0x18 common/built-in.o
 .text.initr_jumptable
                0x000000000100aab8       0x18 common/built-in.o
 .text.initr_env
                0x000000000100aad0       0x3c common/built-in.o
 .text.initr_mmc
                0x000000000100ab0c       0x28 common/built-in.o
 .text.initr_serial
                0x000000000100ab34       0x18 common/built-in.o
 .text.initr_dm
                0x000000000100ab4c       0x14 common/built-in.o
 .text.initr_malloc
                0x000000000100ab60       0x2c common/built-in.o
 .text.initr_caches
                0x000000000100ab8c       0x18 common/built-in.o
 .text.initr_reloc
                0x000000000100aba4       0x2c common/built-in.o
 .text.cpu_secondary_init_r
                0x000000000100abd0        0x4 common/built-in.o
                0x000000000100abd0                cpu_secondary_init_r
 .text.initr_secondary_cpu
                0x000000000100abd4       0x18 common/built-in.o
 .text.board_init_r
                0x000000000100abec       0x18 common/built-in.o
                0x000000000100abec                board_init_r
 .text.do_go_exec
                0x000000000100ac04       0x20 common/built-in.o
                0x000000000100ac04                do_go_exec
 .text.do_go    0x000000000100ac24       0x88 common/built-in.o
 .text.do_bootm
                0x000000000100acac      0x160 common/built-in.o
                0x000000000100acac                do_bootm
 .text.do_booti
                0x000000000100ae0c      0x168 common/built-in.o
                0x000000000100ae0c                do_booti
 .text.bootm_maybe_autostart
                0x000000000100af74       0x84 common/built-in.o
                0x000000000100af74                bootm_maybe_autostart
 .text.bootm_find_ramdisk_fdt
                0x000000000100aff8      0x180 common/built-in.o
                0x000000000100aff8                bootm_find_ramdisk_fdt
 .text.bootm_disable_interrupts
                0x000000000100b178       0x28 common/built-in.o
                0x000000000100b178                bootm_disable_interrupts
 .text.do_bootm_states
                0x000000000100b1a0      0xa64 common/built-in.o
                0x000000000100b1a0                do_bootm_states
 .text.copy_args
                0x000000000100bc04       0x74 common/built-in.o
 .text.do_bootm_rtems
                0x000000000100bc78       0x58 common/built-in.o
 .text.do_bootm_plan9
                0x000000000100bcd0       0xc4 common/built-in.o
 .text.do_bootm_standalone
                0x000000000100bd94       0x74 common/built-in.o
 .text.do_bootm_netbsd
                0x000000000100be08      0x124 common/built-in.o
 .text.do_bootvx_fdt
                0x000000000100bf2c      0x114 common/built-in.o
                0x000000000100bf2c                do_bootvx_fdt
 .text.do_bootm_vxworks
                0x000000000100c040       0x3c common/built-in.o
 .text.arch_preboot_os
                0x000000000100c07c        0x4 common/built-in.o
                0x000000000100c07c                arch_preboot_os
 .text.boot_selected_os
                0x000000000100c080       0x74 common/built-in.o
                0x000000000100c080                boot_selected_os
 .text.bootm_os_get_boot_func
                0x000000000100c0f4       0x10 common/built-in.o
                0x000000000100c0f4                bootm_os_get_boot_func
 .text.do_help  0x000000000100c104       0x40 common/built-in.o
 *fill*         0x000000000100c144        0x4 
 .text.do_version
                0x000000000100c148       0x48 common/built-in.o
 .text.get_partitions_table
                0x000000000100c190       0x34 common/built-in.o
                0x000000000100c190                get_partitions_table
 .text.get_partition_count
                0x000000000100c1c4       0x10 common/built-in.o
                0x000000000100c1c4                get_partition_count
 .text.get_partitions
                0x000000000100c1d4       0x10 common/built-in.o
                0x000000000100c1d4                get_partitions
 .text.free_partitions
                0x000000000100c1e4       0x38 common/built-in.o
                0x000000000100c1e4                free_partitions
 .text.check_valid_dts
                0x000000000100c21c       0xb0 common/built-in.o
                0x000000000100c21c                check_valid_dts
 .text.get_partition_from_dts
                0x000000000100c2cc      0x324 common/built-in.o
                0x000000000100c2cc                get_partition_from_dts
 .text.env_attr_walk
                0x000000000100c5f0      0x12c common/built-in.o
                0x000000000100c5f0                env_attr_walk
 .text.env_attr_lookup
                0x000000000100c71c      0x1ac common/built-in.o
                0x000000000100c71c                env_attr_lookup
 .text.clear_callback
                0x000000000100c8c8        0xc common/built-in.o
 .text.find_env_callback
                0x000000000100c8d4       0x74 common/built-in.o
 .text.on_callbacks
                0x000000000100c948       0x58 common/built-in.o
 .text.set_callback
                0x000000000100c9a0       0x90 common/built-in.o
 .text.env_callback_init
                0x000000000100ca30       0xc8 common/built-in.o
                0x000000000100ca30                env_callback_init
 .text.skip_num
                0x000000000100caf8       0x70 common/built-in.o
 .text.clear_flags
                0x000000000100cb68        0xc common/built-in.o
 .text.on_flags
                0x000000000100cb74       0x58 common/built-in.o
 .text.env_flags_parse_vartype
                0x000000000100cbcc       0x64 common/built-in.o
                0x000000000100cbcc                env_flags_parse_vartype
 .text.env_flags_parse_varaccess
                0x000000000100cc30       0x70 common/built-in.o
                0x000000000100cc30                env_flags_parse_varaccess
 .text.set_flags
                0x000000000100cca0       0xac common/built-in.o
 .text.env_flags_init
                0x000000000100cd4c       0xd8 common/built-in.o
                0x000000000100cd4c                env_flags_init
 .text.env_flags_validate
                0x000000000100ce24      0x31c common/built-in.o
                0x000000000100ce24                env_flags_validate
 .text.env_init
                0x000000000100d140       0x1c common/built-in.o
                0x000000000100d140                env_init
 .text.saveenv  0x000000000100d15c       0x54 common/built-in.o
                0x000000000100d15c                saveenv
 .text.env_relocate_spec
                0x000000000100d1b0       0x38 common/built-in.o
                0x000000000100d1b0                env_relocate_spec
 .text.amlnand_saveenv
                0x000000000100d1e8       0x48 common/built-in.o
                0x000000000100d1e8                amlnand_saveenv
 .text.amlnand_env_relocate_spec
                0x000000000100d230       0x74 common/built-in.o
                0x000000000100d230                amlnand_env_relocate_spec
 .text.init_mmc_for_env
                0x000000000100d2a4       0x38 common/built-in.o
 .text.mmc_get_env_addr
                0x000000000100d2dc       0x74 common/built-in.o
                0x000000000100d2dc                mmc_get_env_addr
 .text.mmc_saveenv
                0x000000000100d350      0x110 common/built-in.o
                0x000000000100d350                mmc_saveenv
 .text.mmc_env_relocate_spec
                0x000000000100d460       0xd0 common/built-in.o
                0x000000000100d460                mmc_env_relocate_spec
 .text.autoscript
                0x000000000100d530      0x20c common/built-in.o
                0x000000000100d530                autoscript
 .text.do_autoscript
                0x000000000100d73c       0x78 common/built-in.o
                0x000000000100d73c                do_autoscript
 .text.do_bmp   0x000000000100d7b4       0x68 common/built-in.o
 .text.do_bmp_scale
                0x000000000100d81c       0x34 common/built-in.o
 .text.do_bmp_info
                0x000000000100d850      0x108 common/built-in.o
 .text.bmp_display
                0x000000000100d958       0x40 common/built-in.o
                0x000000000100d958                bmp_display
 .text.do_bmp_display
                0x000000000100d998       0xe0 common/built-in.o
 .text.parse_argv
                0x000000000100da78       0x64 common/built-in.o
 .text.do_icache
                0x000000000100dadc       0x8c common/built-in.o
 .text.do_dcache
                0x000000000100db68       0x8c common/built-in.o
 .text.do_saradc
                0x000000000100dbf4       0x78 common/built-in.o
 .text.do_saradc_12bit
                0x000000000100dc6c       0x78 common/built-in.o
 .text.do_saradc_get_in_range
                0x000000000100dce4       0xd4 common/built-in.o
 .text.do_saradc_getval
                0x000000000100ddb8       0x68 common/built-in.o
 .text.do_saradc_close
                0x000000000100de20       0x34 common/built-in.o
 .text.do_saradc_open
                0x000000000100de54       0x60 common/built-in.o
 .text.do_saradc_get_in_range_12bit
                0x000000000100deb4       0xd4 common/built-in.o
 .text.do_saradc_getval_12bit
                0x000000000100df88       0x68 common/built-in.o
 .text.do_forceupdate
                0x000000000100dff0       0x58 common/built-in.o
 .text.do_irblaster
                0x000000000100e048       0x70 common/built-in.o
 .text.do_ir_close
                0x000000000100e0b8       0x28 common/built-in.o
 .text.do_ir_open
                0x000000000100e0e0       0x28 common/built-in.o
 .text.do_ir_set
                0x000000000100e108       0x84 common/built-in.o
 .text.do_ir_reg
                0x000000000100e18c       0xe8 common/built-in.o
 .text.do_ir_get
                0x000000000100e274       0xc8 common/built-in.o
 .text.do_ir_send
                0x000000000100e33c       0x70 common/built-in.o
 .text.do_ir_test
                0x000000000100e3ac       0x6c common/built-in.o
 .text.do_echo  0x000000000100e418       0xe4 common/built-in.o
 .text.do_exit  0x000000000100e4fc       0x38 common/built-in.o
 .text.do_ext4_size
                0x000000000100e534        0x8 common/built-in.o
                0x000000000100e534                do_ext4_size
 .text.do_ext4_load
                0x000000000100e53c        0x8 common/built-in.o
                0x000000000100e53c                do_ext4_load
 .text.do_ext4_ls
                0x000000000100e544        0x8 common/built-in.o
                0x000000000100e544                do_ext4_ls
 .text.do_fat_size
                0x000000000100e54c        0x8 common/built-in.o
                0x000000000100e54c                do_fat_size
 .text.do_fat_fsload
                0x000000000100e554        0x8 common/built-in.o
                0x000000000100e554                do_fat_fsload
 .text.do_fat_ls
                0x000000000100e55c        0x8 common/built-in.o
 .text.do_fat_fsinfo
                0x000000000100e564       0x9c common/built-in.o
 .text.fdt_valid
                0x000000000100e600       0xcc common/built-in.o
 .text.is_printable_string
                0x000000000100e6cc       0x8c common/built-in.o
 .text.print_data
                0x000000000100e758      0x1d0 common/built-in.o
 .text.set_working_fdt_addr
                0x000000000100e928       0x1c common/built-in.o
                0x000000000100e928                set_working_fdt_addr
 .text.do_fdt   0x000000000100e944      0xea4 common/built-in.o
 .text.fdt_find_and_setprop
                0x000000000100f7e8       0x94 common/built-in.o
                0x000000000100f7e8                fdt_find_and_setprop
 .text.fdt_find_or_add_subnode
                0x000000000100f87c       0x7c common/built-in.o
                0x000000000100f87c                fdt_find_or_add_subnode
 .text.fdt_initrd
                0x000000000100f8f8      0x1d0 common/built-in.o
                0x000000000100f8f8                fdt_initrd
 .text.fdt_instaboot
                0x000000000100fac8      0x1c4 common/built-in.o
                0x000000000100fac8                fdt_instaboot
 .text.fdt_chosen
                0x000000000100fc8c       0xbc common/built-in.o
                0x000000000100fc8c                fdt_chosen
 .text.do_fixup_by_path
                0x000000000100fd48       0x4c common/built-in.o
                0x000000000100fd48                do_fixup_by_path
 .text.fdt_fixup_memory_banks
                0x000000000100fd94      0x1dc common/built-in.o
                0x000000000100fd94                fdt_fixup_memory_banks
 .text.fdt_fixup_memory
                0x000000000100ff70       0x2c common/built-in.o
                0x000000000100ff70                fdt_fixup_memory
 .text.fdt_fixup_ethernet
                0x000000000100ff9c      0x190 common/built-in.o
                0x000000000100ff9c                fdt_fixup_ethernet
 .text.fdt_shrink_to_minimum
                0x000000000101012c       0xc4 common/built-in.o
                0x000000000101012c                fdt_shrink_to_minimum
 .text.is_dtb_encrypt
                0x00000000010101f0       0x60 common/built-in.o
                0x00000000010101f0                is_dtb_encrypt
 .text.get_multi_dt_entry
                0x0000000001010250      0x4b0 common/built-in.o
                0x0000000001010250                get_multi_dt_entry
 .text.gpio_get_description
                0x0000000001010700       0xcc common/built-in.o
 .text.do_gpio  0x00000000010107cc      0x2d8 common/built-in.o
 .text.do_i2c   0x0000000001010aa4       0x70 common/built-in.o
 .text.do_i2c_reset
                0x0000000001010b14       0x24 common/built-in.o
 .text.do_i2c_probe
                0x0000000001010b38       0xb0 common/built-in.o
 .text.get_alen.constprop.4
                0x0000000001010be8       0x38 common/built-in.o
 .text.do_i2c_read
                0x0000000001010c20       0xd8 common/built-in.o
 .text.do_i2c_write
                0x0000000001010cf8      0x110 common/built-in.o
 .text.do_i2c_loop
                0x0000000001010e08      0x104 common/built-in.o
 .text.do_i2c_mw
                0x0000000001010f0c      0x11c common/built-in.o
 .text.mod_i2c_mem.isra.2
                0x0000000001011028      0x254 common/built-in.o
 .text.do_i2c_nm
                0x000000000101127c        0x8 common/built-in.o
 .text.do_i2c_mm
                0x0000000001011284        0x8 common/built-in.o
 .text.do_i2c_md
                0x000000000101128c      0x224 common/built-in.o
 .text.do_i2c_crc
                0x00000000010114b0      0x140 common/built-in.o
 .text.do_i2c_bus_speed
                0x00000000010115f0       0x84 common/built-in.o
 .text.evalexp  0x0000000001011674       0x90 common/built-in.o
 .text.evalstr  0x0000000001011704       0x68 common/built-in.o
 .text.binary_test
                0x000000000101176c      0x19c common/built-in.o
 .text.do_itest
                0x0000000001011908       0xa0 common/built-in.o
 .text.do_RunBcbCommand
                0x00000000010119a8      0x3c4 common/built-in.o
 .text.boot_info_validate
                0x0000000001011d6c       0x3c common/built-in.o
                0x0000000001011d6c                boot_info_validate
 .text.boot_info_reset
                0x0000000001011da8       0x6c common/built-in.o
                0x0000000001011da8                boot_info_reset
 .text.dump_boot_info
                0x0000000001011e14       0x88 common/built-in.o
                0x0000000001011e14                dump_boot_info
 .text.boot_info_set_active_slot
                0x0000000001011e9c       0x7c common/built-in.o
                0x0000000001011e9c                boot_info_set_active_slot
 .text.boot_info_open_partition
                0x0000000001011f18       0x68 common/built-in.o
                0x0000000001011f18                boot_info_open_partition
 .text.boot_info_load
                0x0000000001011f80       0x34 common/built-in.o
                0x0000000001011f80                boot_info_load
 .text.boot_info_save
                0x0000000001011fb4       0x60 common/built-in.o
                0x0000000001011fb4                boot_info_save
 .text.do_GetValidSlot
                0x0000000001012014      0x150 common/built-in.o
 .text.do_SetActiveSlot
                0x0000000001012164      0x1a8 common/built-in.o
 .text.do_mem_loop
                0x000000000101230c      0x144 common/built-in.o
 .text.do_mem_md
                0x0000000001012450      0x11c common/built-in.o
 .text.do_mem_cmp
                0x000000000101256c      0x1b4 common/built-in.o
 .text.do_mem_base
                0x0000000001012720       0x54 common/built-in.o
 .text.do_mem_mw
                0x0000000001012774      0x108 common/built-in.o
 .text.do_mem_cp
                0x000000000101287c      0x118 common/built-in.o
 .text.do_mem_crc
                0x0000000001012994       0x40 common/built-in.o
 .text.mod_mem.isra.2
                0x00000000010129d4      0x1fc common/built-in.o
 .text.do_mem_mm
                0x0000000001012bd0        0x8 common/built-in.o
 .text.do_mem_nm
                0x0000000001012bd8        0x8 common/built-in.o
 .text.do_mem_mw_mask
                0x0000000001012be0       0x98 common/built-in.o
                0x0000000001012be0                do_mem_mw_mask
 .text.miiphy_get_dev_by_name
                0x0000000001012c78       0x74 common/built-in.o
                0x0000000001012c78                miiphy_get_dev_by_name
 .text.miiphy_init
                0x0000000001012cec       0x20 common/built-in.o
                0x0000000001012cec                miiphy_init
 .text.mdio_alloc
                0x0000000001012d0c       0x40 common/built-in.o
                0x0000000001012d0c                mdio_alloc
 .text.mdio_register
                0x0000000001012d4c       0x90 common/built-in.o
                0x0000000001012d4c                mdio_register
 .text.do_sleep
                0x0000000001012ddc       0x84 common/built-in.o
 .text.do_mmcops
                0x0000000001012e60       0xd0 common/built-in.o
 .text.init_mmc_device
                0x0000000001012f30       0x64 common/built-in.o
 .text.do_mmc_lifetime
                0x0000000001012f94       0x54 common/built-in.o
 .text.do_mmc_rescan
                0x0000000001012fe8       0x2c common/built-in.o
 .text.do_mmc_ext_csd
                0x0000000001013014       0xec common/built-in.o
 .text.do_mmc_list
                0x0000000001013100       0x1c common/built-in.o
 .text.do_mmc_dev
                0x000000000101311c      0x154 common/built-in.o
 .text.do_mmc_part
                0x0000000001013270       0x64 common/built-in.o
 .text.do_mmc_erase
                0x00000000010132d4      0x118 common/built-in.o
 .text.do_mmc_write
                0x00000000010133ec      0x12c common/built-in.o
 .text.do_mmc_read
                0x0000000001013518      0x110 common/built-in.o
 .text.do_mmcinfo
                0x0000000001013628      0x1a0 common/built-in.o
 .text.do_mmc_test
                0x00000000010137c8      0x440 common/built-in.o
 .text.do_mmc_setdsr
                0x0000000001013c08       0xc0 common/built-in.o
 .text.generic_ffs
                0x0000000001013cc8       0x60 common/built-in.o
 .text._dtb_read.isra.1
                0x0000000001013d28       0x68 common/built-in.o
 .text._dtb_write.isra.2
                0x0000000001013d90       0x68 common/built-in.o
 .text._dtb_init
                0x0000000001013df8       0x6c common/built-in.o
 .text.get_off_size.isra.4
                0x0000000001013e64       0x98 common/built-in.o
 .text._calc_dtb_checksum
                0x0000000001013efc       0x68 common/built-in.o
 .text.emmckey_is_protected
                0x0000000001013f64       0x44 common/built-in.o
                0x0000000001013f64                emmckey_is_protected
 .text.mmc_read_status
                0x0000000001013fa8      0x104 common/built-in.o
                0x0000000001013fa8                mmc_read_status
 .text.do_amlmmcops
                0x00000000010140ac     0x1354 common/built-in.o
                0x00000000010140ac                do_amlmmcops
 .text.dtb_read
                0x0000000001015400      0x5a8 common/built-in.o
                0x0000000001015400                dtb_read
 .text.dtb_write
                0x00000000010159a8      0x1b4 common/built-in.o
                0x00000000010159a8                dtb_write
 .text.renew_partition_tbl
                0x0000000001015b5c       0x64 common/built-in.o
                0x0000000001015b5c                renew_partition_tbl
 .text.do_amlmmc_dtb_key
                0x0000000001015bc0      0x2dc common/built-in.o
                0x0000000001015bc0                do_amlmmc_dtb_key
 .text.emmc_update_mbr
                0x0000000001015e9c       0xa4 common/built-in.o
                0x0000000001015e9c                emmc_update_mbr
 .text.do_store
                0x0000000001015f40       0x70 common/built-in.o
 .text.do_store_mbr_ops
                0x0000000001015fb0       0xc8 common/built-in.o
 .text.do_store_key_ops
                0x0000000001016078      0x184 common/built-in.o
 .text.do_store_scrub
                0x00000000010161fc      0x170 common/built-in.o
 .text.do_store_size
                0x000000000101636c      0x114 common/built-in.o
 .text.do_store_dtb_ops
                0x0000000001016480      0x27c common/built-in.o
 .text.get_off_size
                0x00000000010166fc      0x1a4 common/built-in.o
 .text.do_store_rom_write
                0x00000000010168a0      0x23c common/built-in.o
 .text.do_store_rom_read
                0x0000000001016adc      0x214 common/built-in.o
 .text.do_store_write
                0x0000000001016cf0      0x160 common/built-in.o
 .text.do_store_read
                0x0000000001016e50      0x168 common/built-in.o
 .text.do_store_erase
                0x0000000001016fb8      0x4ec common/built-in.o
 .text.do_store_init
                0x00000000010174a4      0x3c0 common/built-in.o
 .text.do_store_disprotect
                0x0000000001017864       0xc4 common/built-in.o
 .text.do_store_rom_protect
                0x0000000001017928       0x6c common/built-in.o
 .text.do_store_exit
                0x0000000001017994       0x54 common/built-in.o
 .text.store_key_read
                0x00000000010179e8       0x8c common/built-in.o
                0x00000000010179e8                store_key_read
 .text.store_key_write
                0x0000000001017a74       0x8c common/built-in.o
                0x0000000001017a74                store_key_write
 .text.store_read_ops
                0x0000000001017b00       0xb8 common/built-in.o
                0x0000000001017b00                store_read_ops
 .text.store_write_ops
                0x0000000001017bb8       0x94 common/built-in.o
                0x0000000001017bb8                store_write_ops
 .text.store_get_partititon_size
                0x0000000001017c4c       0x74 common/built-in.o
                0x0000000001017c4c                store_get_partititon_size
 .text.store_erase_ops
                0x0000000001017cc0       0xf0 common/built-in.o
                0x0000000001017cc0                store_erase_ops
 .text.store_boot_read
                0x0000000001017db0       0x80 common/built-in.o
                0x0000000001017db0                store_boot_read
 .text.store_boot_write
                0x0000000001017e30       0x80 common/built-in.o
                0x0000000001017e30                store_boot_write
 .text.store_init
                0x0000000001017eb0       0x58 common/built-in.o
                0x0000000001017eb0                store_init
 .text.store_exit
                0x0000000001017f08       0x70 common/built-in.o
                0x0000000001017f08                store_exit
 .text.store_dtb_rw
                0x0000000001017f78       0x60 common/built-in.o
                0x0000000001017f78                store_dtb_rw
 .text.do_image_read
                0x0000000001017fd8       0x78 common/built-in.o
 .text._aml_get_secure_boot_kernel_size
                0x0000000001018050      0x130 common/built-in.o
 .text.do_image_read_kernel
                0x0000000001018180      0x210 common/built-in.o
 .text.do_image_read_dtb
                0x0000000001018390      0x2f4 common/built-in.o
 .text.img_res_check_log_header
                0x0000000001018684       0x78 common/built-in.o
 .text.do_image_read_res
                0x00000000010186fc      0x120 common/built-in.o
 .text.do_unpackimg
                0x000000000101881c      0x1dc common/built-in.o
 .text.do_image_read_pic
                0x00000000010189f8      0x3bc common/built-in.o
 .text.netboot_common
                0x0000000001018db4      0x288 common/built-in.o
 .text.do_bootp
                0x000000000101903c        0xc common/built-in.o
 .text.do_rarpb
                0x0000000001019048        0xc common/built-in.o
                0x0000000001019048                do_rarpb
 .text.do_dhcp  0x0000000001019054        0xc common/built-in.o
 .text.do_tftpb
                0x0000000001019060       0x54 common/built-in.o
                0x0000000001019060                do_tftpb
 .text.do_ping  0x00000000010190b4       0x78 common/built-in.o
 .text.do_false
                0x000000000101912c        0x8 common/built-in.o
 .text.do_true  0x0000000001019134        0x8 common/built-in.o
 .text.do_test  0x000000000101913c      0x328 common/built-in.o
 .text.usb_get_class_desc
                0x0000000001019464       0xc0 common/built-in.o
 .text.usb_display_class_sub
                0x0000000001019524      0x18c common/built-in.o
 .text.usb_find_device
                0x00000000010196b0       0x48 common/built-in.o
 .text.usb_show_tree_graph
                0x00000000010196f8      0x21c common/built-in.o
 .text.usb_display_string
                0x0000000001019914       0x48 common/built-in.o
 .text.usb_display_config
                0x000000000101995c      0x25c common/built-in.o
 .text.do_usbboot
                0x0000000001019bb8        0xc common/built-in.o
 .text.usb_display_desc.part.2
                0x0000000001019bc4      0x114 common/built-in.o
 .text.do_usb   0x0000000001019cd8      0x7a4 common/built-in.o
 .text.usb_set_maxpacket_ep
                0x000000000101a47c       0x74 common/built-in.o
 .text._mdelay  0x000000000101a4f0       0x30 common/built-in.o
                0x000000000101a4f0                _mdelay
 .text.usb_stop
                0x000000000101a520       0x54 common/built-in.o
                0x000000000101a520                usb_stop
 .text.usb_disable_asynch
                0x000000000101a574       0x20 common/built-in.o
                0x000000000101a574                usb_disable_asynch
 .text.usb_control_msg
                0x000000000101a594       0xc4 common/built-in.o
                0x000000000101a594                usb_control_msg
 .text.usb_get_descriptor
                0x000000000101a658       0x5c common/built-in.o
 .text.usb_get_string
                0x000000000101a6b4       0xa8 common/built-in.o
 .text.usb_string_sub
                0x000000000101a75c      0x110 common/built-in.o
 .text.usb_set_address
                0x000000000101a86c       0x4c common/built-in.o
 .text.usb_bulk_msg
                0x000000000101a8b8       0x78 common/built-in.o
                0x000000000101a8b8                usb_bulk_msg
 .text.usb_maxpacket
                0x000000000101a930       0x20 common/built-in.o
                0x000000000101a930                usb_maxpacket
 .text.usb_clear_halt
                0x000000000101a950       0xa4 common/built-in.o
                0x000000000101a950                usb_clear_halt
 .text.usb_get_configuration_no
                0x000000000101a9f4       0xd0 common/built-in.o
                0x000000000101a9f4                usb_get_configuration_no
 .text.usb_set_interface
                0x000000000101aac4       0xb4 common/built-in.o
                0x000000000101aac4                usb_set_interface
 .text.usb_string
                0x000000000101ab78      0x114 common/built-in.o
                0x000000000101ab78                usb_string
 .text.usb_get_dev_index
                0x000000000101ac8c       0x28 common/built-in.o
                0x000000000101ac8c                usb_get_dev_index
 .text.usb_alloc_new_device
                0x000000000101acb4       0xa0 common/built-in.o
                0x000000000101acb4                usb_alloc_new_device
 .text.usb_free_device
                0x000000000101ad54       0x64 common/built-in.o
                0x000000000101ad54                usb_free_device
 .text.usb_new_device
                0x000000000101adb8      0x638 common/built-in.o
                0x000000000101adb8                usb_new_device
 .text.usb_init
                0x000000000101b3f0      0x170 common/built-in.o
                0x000000000101b3f0                usb_init
 .text.usb_set_port_feature
                0x000000000101b560       0x50 common/built-in.o
 .text.usb_hub_power_on
                0x000000000101b5b0       0x5c common/built-in.o
 .text.usb_get_port_status
                0x000000000101b60c       0x58 common/built-in.o
 .text.usb_clear_port_feature
                0x000000000101b664       0x50 common/built-in.o
 .text.usb_get_hub_descriptor
                0x000000000101b6b4       0x58 common/built-in.o
 .text.usb_hub_reset_devices
                0x000000000101b70c        0x4 common/built-in.o
                0x000000000101b70c                usb_hub_reset_devices
 .text.usb_hub_reset
                0x000000000101b710       0x10 common/built-in.o
                0x000000000101b710                usb_hub_reset
 .text.hub_port_reset
                0x000000000101b720       0xa8 common/built-in.o
                0x000000000101b720                hub_port_reset
 .text.usb_hub_port_connect_change
                0x000000000101b7c8      0x144 common/built-in.o
                0x000000000101b7c8                usb_hub_port_connect_change
 .text.usb_hub_configure
                0x000000000101b90c      0x2e4 common/built-in.o
 .text.usb_hub_probe
                0x000000000101bbf0       0x5c common/built-in.o
                0x000000000101bbf0                usb_hub_probe
 .text.usb_stor_irq
                0x000000000101bc4c       0x18 common/built-in.o
 .text.usb_stor_BBB_reset
                0x000000000101bc64       0xdc common/built-in.o
 .text.usb_stor_CB_reset
                0x000000000101bd40       0xdc common/built-in.o
 .text.usb_stor_BBB_clear_endpt_stall.isra.2
                0x000000000101be1c       0x50 common/built-in.o
 .text.usb_stor_BBB_transport
                0x000000000101be6c      0x24c common/built-in.o
 .text.usb_stor_CB_comdat
                0x000000000101c0b8      0x1f8 common/built-in.o
 .text.usb_stor_CBI_get_status.isra.4
                0x000000000101c2b0       0xe0 common/built-in.o
 .text.usb_stor_CB_transport
                0x000000000101c390      0x200 common/built-in.o
 .text.usb_request_sense.constprop.9
                0x000000000101c590       0x8c common/built-in.o
 .text.usb_stor_write
                0x000000000101c61c      0x1cc common/built-in.o
                0x000000000101c61c                usb_stor_write
 .text.usb_stor_read
                0x000000000101c7e8      0x1cc common/built-in.o
                0x000000000101c7e8                usb_stor_read
 .text.usb_stor_get_dev
                0x000000000101c9b4       0x34 common/built-in.o
                0x000000000101c9b4                usb_stor_get_dev
 .text.usb_stor_info
                0x000000000101c9e8       0x98 common/built-in.o
                0x000000000101c9e8                usb_stor_info
 .text.usb_storage_probe
                0x000000000101ca80      0x22c common/built-in.o
                0x000000000101ca80                usb_storage_probe
 .text.usb_stor_get_info
                0x000000000101ccac      0x33c common/built-in.o
                0x000000000101ccac                usb_stor_get_info
 .text.usb_stor_scan
                0x000000000101cfe8      0x220 common/built-in.o
                0x000000000101cfe8                usb_stor_scan
 .text.do_fastboot
                0x000000000101d208       0x4c common/built-in.o
 .text.do_vpu   0x000000000101d254       0x78 common/built-in.o
 .text.do_vpu_info
                0x000000000101d2cc       0x18 common/built-in.o
 .text.do_vpu_test
                0x000000000101d2e4       0x18 common/built-in.o
 .text.do_vpu_clk
                0x000000000101d2fc       0x84 common/built-in.o
 .text.do_vpu_disable
                0x000000000101d380       0x18 common/built-in.o
 .text.do_vpu_enable
                0x000000000101d398       0x18 common/built-in.o
 .text.do_query
                0x000000000101d3b0       0xc4 common/built-in.o
 .text.cmd_efuse
                0x000000000101d474      0x51c common/built-in.o
                0x000000000101d474                cmd_efuse
 .text.do_efuse
                0x000000000101d990       0x5c common/built-in.o
                0x000000000101d990                do_efuse
 .text.adc_init_chan6
                0x000000000101d9ec      0x2c4 common/built-in.o
 .text.do_read_calib_data
                0x000000000101dcb0      0x108 common/built-in.o
 .text.do_write_version
                0x000000000101ddb8       0x28 common/built-in.o
 .text.do_set_trim_base
                0x000000000101dde0       0x40 common/built-in.o
 .text.do_temp_triming
                0x000000000101de20       0xa4 common/built-in.o
 .text.get_adc_sample.isra.0
                0x000000000101dec4      0x38c common/built-in.o
 .text.do_read_temp
                0x000000000101e250      0x260 common/built-in.o
 .text.quicksort
                0x000000000101e4b0       0xc8 common/built-in.o
                0x000000000101e4b0                quicksort
 .text.do_write_trim
                0x000000000101e578      0x598 common/built-in.o
 .text.do_clkmsr
                0x000000000101eb10       0x34 common/built-in.o
 .text.do_env_delete
                0x000000000101eb44       0xc4 common/built-in.o
 .text.do_env_save
                0x000000000101ec08       0x30 common/built-in.o
 .text.do_env   0x000000000101ec38       0x70 common/built-in.o
 .text.env_print
                0x000000000101eca8       0xcc common/built-in.o
 .text.do_env_print
                0x000000000101ed74       0xe4 common/built-in.o
 .text.do_env_import
                0x000000000101ee58      0x270 common/built-in.o
 .text.do_env_default
                0x000000000101f0c8       0x98 common/built-in.o
 .text._do_env_set.isra.1
                0x000000000101f160      0x1dc common/built-in.o
 .text.do_env_set
                0x000000000101f33c       0x1c common/built-in.o
 .text.get_env_id
                0x000000000101f358       0x10 common/built-in.o
                0x000000000101f358                get_env_id
 .text.setenv   0x000000000101f368       0x54 common/built-in.o
                0x000000000101f368                setenv
 .text.setenv_ulong
                0x000000000101f3bc       0x2c common/built-in.o
                0x000000000101f3bc                setenv_ulong
 .text.setenv_hex
                0x000000000101f3e8       0x3c common/built-in.o
                0x000000000101f3e8                setenv_hex
 .text.do_env_export
                0x000000000101f424      0x260 common/built-in.o
 .text.envmatch
                0x000000000101f684       0x80 common/built-in.o
                0x000000000101f684                envmatch
 .text.getenv_f
                0x000000000101f704       0xf8 common/built-in.o
                0x000000000101f704                getenv_f
 .text.getenv   0x000000000101f7fc       0x80 common/built-in.o
                0x000000000101f7fc                getenv
 .text.getenv_hex
                0x000000000101f87c       0x48 common/built-in.o
                0x000000000101f87c                getenv_hex
 .text.getenv_ulong
                0x000000000101f8c4       0x44 common/built-in.o
                0x000000000101f8c4                getenv_ulong
 .text.env_get_char_spec
                0x000000000101f908        0xc common/built-in.o
                0x000000000101f908                env_get_char_spec
 .text.env_get_addr
                0x000000000101f914       0x24 common/built-in.o
                0x000000000101f914                env_get_addr
 .text.env_get_char_memory
                0x000000000101f938       0x18 common/built-in.o
                0x000000000101f938                env_get_char_memory
 .text.env_get_char
                0x000000000101f950       0x2c common/built-in.o
                0x000000000101f950                env_get_char
 .text.getenv_yesno
                0x000000000101f97c       0x48 common/built-in.o
                0x000000000101f97c                getenv_yesno
 .text.getenv_default
                0x000000000101f9c4       0x3c common/built-in.o
                0x000000000101f9c4                getenv_default
 .text.set_default_env
                0x000000000101fa00       0xc0 common/built-in.o
                0x000000000101fa00                set_default_env
 .text.set_default_vars
                0x000000000101fac0       0x2c common/built-in.o
                0x000000000101fac0                set_default_vars
 .text.env_import
                0x000000000101faec       0xf0 common/built-in.o
                0x000000000101faec                env_import
 .text.env_export
                0x000000000101fbdc       0x94 common/built-in.o
                0x000000000101fbdc                env_export
 .text.env_relocate
                0x000000000101fc70       0x78 common/built-in.o
                0x000000000101fc70                env_relocate
 .text.do_defenv_reserv
                0x000000000101fce8      0x1f8 common/built-in.o
 .text.console_setfile
                0x000000000101fee0       0xbc common/built-in.o
 .text.on_silent
                0x000000000101ff9c       0x2c common/built-in.o
 .text.print_to_buf
                0x000000000101ffc8      0x110 common/built-in.o
 .text.do_silent
                0x00000000010200d8       0x78 common/built-in.o
 .text.puts     0x0000000001020150       0x50 common/built-in.o
                0x0000000001020150                puts
 .text.printf   0x00000000010201a0       0xe0 common/built-in.o
                0x00000000010201a0                printf
 .text.fgetc    0x0000000001020280       0x34 common/built-in.o
                0x0000000001020280                fgetc
 .text.getc     0x00000000010202b4       0x20 common/built-in.o
                0x00000000010202b4                getc
 .text.ftstc    0x00000000010202d4       0x34 common/built-in.o
                0x00000000010202d4                ftstc
 .text.tstc     0x0000000001020308       0x20 common/built-in.o
                0x0000000001020308                tstc
 .text.fputc    0x0000000001020328       0x30 common/built-in.o
                0x0000000001020328                fputc
 .text.putc     0x0000000001020358       0x54 common/built-in.o
                0x0000000001020358                putc
 .text.flush_print_buf
                0x00000000010203ac       0xf8 common/built-in.o
                0x00000000010203ac                flush_print_buf
 .text.destory_print_buf
                0x00000000010204a4       0x44 common/built-in.o
                0x00000000010204a4                destory_print_buf
 .text.vprintf  0x00000000010204e8       0x50 common/built-in.o
                0x00000000010204e8                vprintf
 .text.ctrlc    0x0000000001020538       0x64 common/built-in.o
                0x0000000001020538                ctrlc
 .text.had_ctrlc
                0x000000000102059c       0x10 common/built-in.o
                0x000000000102059c                had_ctrlc
 .text.clear_ctrlc
                0x00000000010205ac       0x10 common/built-in.o
                0x00000000010205ac                clear_ctrlc
 .text.search_device
                0x00000000010205bc       0x3c common/built-in.o
                0x00000000010205bc                search_device
 .text.console_assign
                0x00000000010205f8       0x5c common/built-in.o
                0x00000000010205f8                console_assign
 .text.on_console
                0x0000000001020654       0xc4 common/built-in.o
 .text.console_init_f
                0x0000000001020718       0x10 common/built-in.o
                0x0000000001020718                console_init_f
 .text.console_init_m
                0x0000000001020728       0x54 common/built-in.o
                0x0000000001020728                console_init_m
 .text.stdio_print_current_devices
                0x000000000102077c       0xc0 common/built-in.o
                0x000000000102077c                stdio_print_current_devices
 .text.console_init_r
                0x000000000102083c       0xd8 common/built-in.o
                0x000000000102083c                console_init_r
 .text.sbrk     0x0000000001020914       0x84 common/built-in.o
                0x0000000001020914                sbrk
 .text.mem_malloc_init
                0x0000000001020998       0x34 common/built-in.o
                0x0000000001020998                mem_malloc_init
 .text.malloc_trim
                0x00000000010209cc       0xe0 common/built-in.o
                0x00000000010209cc                malloc_trim
 .text.free     0x0000000001020aac      0x254 common/built-in.o
                0x0000000001020aac                free
 .text.malloc   0x0000000001020d00      0x6ac common/built-in.o
                0x0000000001020d00                malloc
 .text.calloc   0x00000000010213ac       0xdc common/built-in.o
                0x00000000010213ac                calloc
 .text.realloc  0x0000000001021488      0x514 common/built-in.o
                0x0000000001021488                realloc
 .text.memalign
                0x000000000102199c      0x12c common/built-in.o
                0x000000000102199c                memalign
 .text.on_loadaddr
                0x0000000001021ac8       0x3c common/built-in.o
 .text.image_check_hcrc
                0x0000000001021b04       0x50 common/built-in.o
                0x0000000001021b04                image_check_hcrc
 .text.image_check_dcrc
                0x0000000001021b54       0x44 common/built-in.o
                0x0000000001021b54                image_check_dcrc
 .text.image_multi_count
                0x0000000001021b98       0x20 common/built-in.o
                0x0000000001021b98                image_multi_count
 .text.image_multi_getimg
                0x0000000001021bb8       0xa0 common/built-in.o
                0x0000000001021bb8                image_multi_getimg
 .text.getenv_bootm_low
                0x0000000001021c58       0x30 common/built-in.o
                0x0000000001021c58                getenv_bootm_low
 .text.getenv_bootm_size
                0x0000000001021c88       0x64 common/built-in.o
                0x0000000001021c88                getenv_bootm_size
 .text.getenv_bootm_mapsize
                0x0000000001021cec       0x30 common/built-in.o
                0x0000000001021cec                getenv_bootm_mapsize
 .text.memmove_wd
                0x0000000001021d1c       0x10 common/built-in.o
                0x0000000001021d1c                memmove_wd
 .text.genimg_print_size
                0x0000000001021d2c       0x38 common/built-in.o
                0x0000000001021d2c                genimg_print_size
 .text.get_table_entry_name
                0x0000000001021d64       0x28 common/built-in.o
                0x0000000001021d64                get_table_entry_name
 .text.genimg_get_os_name
                0x0000000001021d8c       0x18 common/built-in.o
                0x0000000001021d8c                genimg_get_os_name
 .text.genimg_get_arch_name
                0x0000000001021da4       0x18 common/built-in.o
                0x0000000001021da4                genimg_get_arch_name
 .text.genimg_get_type_name
                0x0000000001021dbc       0x18 common/built-in.o
                0x0000000001021dbc                genimg_get_type_name
 .text.genimg_get_comp_name
                0x0000000001021dd4       0x18 common/built-in.o
                0x0000000001021dd4                genimg_get_comp_name
 .text.image_print_contents
                0x0000000001021dec      0x1a8 common/built-in.o
                0x0000000001021dec                image_print_contents
 .text.get_table_entry_id
                0x0000000001021f94       0x54 common/built-in.o
                0x0000000001021f94                get_table_entry_id
 .text.genimg_get_os_id
                0x0000000001021fe8       0x18 common/built-in.o
                0x0000000001021fe8                genimg_get_os_id
 .text.genimg_get_arch_id
                0x0000000001022000       0x18 common/built-in.o
                0x0000000001022000                genimg_get_arch_id
 .text.genimg_get_type_id
                0x0000000001022018       0x18 common/built-in.o
                0x0000000001022018                genimg_get_type_id
 .text.genimg_get_comp_id
                0x0000000001022030       0x18 common/built-in.o
                0x0000000001022030                genimg_get_comp_id
 .text.genimg_get_kernel_addr_fit
                0x0000000001022048       0x80 common/built-in.o
                0x0000000001022048                genimg_get_kernel_addr_fit
 .text.genimg_get_format
                0x00000000010220c8       0x5c common/built-in.o
                0x00000000010220c8                genimg_get_format
 .text.genimg_get_image
                0x0000000001022124        0x4 common/built-in.o
                0x0000000001022124                genimg_get_image
 .text.genimg_has_config
                0x0000000001022128       0x10 common/built-in.o
                0x0000000001022128                genimg_has_config
 .text.boot_get_ramdisk
                0x0000000001022138      0x354 common/built-in.o
                0x0000000001022138                boot_get_ramdisk
 .text.boot_ramdisk_high
                0x000000000102248c      0x130 common/built-in.o
                0x000000000102248c                boot_ramdisk_high
 .text.boot_get_setup
                0x00000000010225bc        0x4 common/built-in.o
                0x00000000010225bc                boot_get_setup
 .text.image_setup_linux
                0x00000000010225c0       0x80 common/built-in.o
                0x00000000010225c0                image_setup_linux
 .text.android_image_get_kernel
                0x0000000001022640      0x188 common/built-in.o
                0x0000000001022640                android_image_get_kernel
 .text.android_image_check_header
                0x00000000010227c8       0x14 common/built-in.o
                0x00000000010227c8                android_image_check_header
 .text.android_image_get_end
                0x00000000010227dc       0x4c common/built-in.o
                0x00000000010227dc                android_image_get_end
 .text.android_image_get_kload
                0x0000000001022828        0x8 common/built-in.o
                0x0000000001022828                android_image_get_kload
 .text.android_image_get_ramdisk
                0x0000000001022830       0x44 common/built-in.o
                0x0000000001022830                android_image_get_ramdisk
 .text.android_image_get_comp
                0x0000000001022874       0x60 common/built-in.o
                0x0000000001022874                android_image_get_comp
 .text.android_image_need_move
                0x00000000010228d4       0xd8 common/built-in.o
                0x00000000010228d4                android_image_need_move
 .text.fdt_error
                0x00000000010229ac       0x38 common/built-in.o
 .text.boot_fdt_add_mem_rsv_regions
                0x00000000010229e4       0x9c common/built-in.o
                0x00000000010229e4                boot_fdt_add_mem_rsv_regions
 .text.boot_relocate_fdt
                0x0000000001022a80      0x1a4 common/built-in.o
                0x0000000001022a80                boot_relocate_fdt
 .text.boot_get_fdt
                0x0000000001022c24      0x3d4 common/built-in.o
                0x0000000001022c24                boot_get_fdt
 .text.ft_verify_fdt
                0x0000000001022ff8        0x8 common/built-in.o
                0x0000000001022ff8                ft_verify_fdt
 .text.image_setup_libfdt
                0x0000000001023000       0xfc common/built-in.o
                0x0000000001023000                image_setup_libfdt
 .text.fit_parse_conf
                0x00000000010230fc       0x74 common/built-in.o
                0x00000000010230fc                fit_parse_conf
 .text.fit_parse_subimage
                0x0000000001023170       0x74 common/built-in.o
                0x0000000001023170                fit_parse_subimage
 .text.fit_get_desc
                0x00000000010231e4       0x38 common/built-in.o
                0x00000000010231e4                fit_get_desc
 .text.fit_image_get_node
                0x000000000102321c       0x4c common/built-in.o
                0x000000000102321c                fit_image_get_node
 .text.fit_image_get_os
                0x0000000001023268       0x4c common/built-in.o
                0x0000000001023268                fit_image_get_os
 .text.fit_image_get_arch
                0x00000000010232b4       0x4c common/built-in.o
                0x00000000010232b4                fit_image_get_arch
 .text.fit_image_get_type
                0x0000000001023300       0x4c common/built-in.o
                0x0000000001023300                fit_image_get_type
 .text.fit_image_get_comp
                0x000000000102334c       0x4c common/built-in.o
                0x000000000102334c                fit_image_get_comp
 .text.fit_image_get_load
                0x0000000001023398       0x48 common/built-in.o
                0x0000000001023398                fit_image_get_load
 .text.fit_image_get_entry
                0x00000000010233e0       0x48 common/built-in.o
                0x00000000010233e0                fit_image_get_entry
 .text.fit_image_get_data
                0x0000000001023428       0x50 common/built-in.o
                0x0000000001023428                fit_image_get_data
 .text.fit_image_hash_get_algo
                0x0000000001023478       0x38 common/built-in.o
                0x0000000001023478                fit_image_hash_get_algo
 .text.fit_image_hash_get_value
                0x00000000010234b0       0x50 common/built-in.o
                0x00000000010234b0                fit_image_hash_get_value
 .text.fit_image_print_data
                0x0000000001023500      0x15c common/built-in.o
 .text.fit_image_print
                0x000000000102365c      0x374 common/built-in.o
                0x000000000102365c                fit_image_print
 .text.calculate_hash
                0x00000000010239d0      0x11c common/built-in.o
                0x00000000010239d0                calculate_hash
 .text.fit_image_verify
                0x0000000001023aec      0x228 common/built-in.o
                0x0000000001023aec                fit_image_verify
 .text.fit_image_check_os
                0x0000000001023d14       0x3c common/built-in.o
                0x0000000001023d14                fit_image_check_os
 .text.fit_image_check_arch
                0x0000000001023d50       0x54 common/built-in.o
                0x0000000001023d50                fit_image_check_arch
 .text.fit_image_check_type
                0x0000000001023da4       0x3c common/built-in.o
                0x0000000001023da4                fit_image_check_type
 .text.fit_image_check_comp
                0x0000000001023de0       0x3c common/built-in.o
                0x0000000001023de0                fit_image_check_comp
 .text.fit_check_format
                0x0000000001023e1c       0x4c common/built-in.o
                0x0000000001023e1c                fit_check_format
 .text.fit_conf_get_node
                0x0000000001023e68       0x78 common/built-in.o
                0x0000000001023e68                fit_conf_get_node
 .text.fit_conf_get_prop_node
                0x0000000001023ee0       0x3c common/built-in.o
                0x0000000001023ee0                fit_conf_get_prop_node
 .text.fit_conf_print
                0x0000000001023f1c      0x11c common/built-in.o
                0x0000000001023f1c                fit_conf_print
 .text.fit_print_contents
                0x0000000001024038      0x228 common/built-in.o
                0x0000000001024038                fit_print_contents
 .text.fit_get_node_from_config
                0x0000000001024260       0x58 common/built-in.o
                0x0000000001024260                fit_get_node_from_config
 .text.fit_image_load
                0x00000000010242b8      0x4d0 common/built-in.o
                0x00000000010242b8                fit_image_load
 .text.boot_get_setup_fit
                0x0000000001024788       0x84 common/built-in.o
                0x0000000001024788                boot_get_setup_fit
 .text.stdio_serial_tstc
                0x000000000102480c        0x4 common/built-in.o
 .text.stdio_serial_getc
                0x0000000001024810        0x4 common/built-in.o
 .text.stdio_serial_puts
                0x0000000001024814        0x8 common/built-in.o
 .text.stdio_serial_putc
                0x000000000102481c        0x8 common/built-in.o
 .text.stdio_get_list
                0x0000000001024824       0x10 common/built-in.o
                0x0000000001024824                stdio_get_list
 .text.stdio_get_by_name
                0x0000000001024834       0x68 common/built-in.o
                0x0000000001024834                stdio_get_by_name
 .text.stdio_clone
                0x000000000102489c       0x4c common/built-in.o
                0x000000000102489c                stdio_clone
 .text.stdio_register_dev
                0x00000000010248e8       0x60 common/built-in.o
                0x00000000010248e8                stdio_register_dev
 .text.stdio_register
                0x0000000001024948        0x8 common/built-in.o
                0x0000000001024948                stdio_register
 .text.stdio_init_tables
                0x0000000001024950       0x1c common/built-in.o
                0x0000000001024950                stdio_init_tables
 .text.stdio_add_devices
                0x000000000102496c       0x78 common/built-in.o
                0x000000000102496c                stdio_add_devices
 .text.write_sparse_image
                0x00000000010249e4      0x3b8 common/built-in.o
                0x00000000010249e4                write_sparse_image
 .text.fastboot_fail
                0x0000000001024d9c       0x44 common/built-in.o
                0x0000000001024d9c                fastboot_fail
 .text.fastboot_okay
                0x0000000001024de0       0x44 common/built-in.o
                0x0000000001024de0                fastboot_okay
 .text.fb_mmc_flash_write
                0x0000000001024e24      0x270 common/built-in.o
                0x0000000001024e24                fb_mmc_flash_write
 .text.fb_mmc_erase_write
                0x0000000001025094      0x1a8 common/built-in.o
                0x0000000001025094                fb_mmc_erase_write
 .text.do_wipeisb
                0x000000000102523c       0xa8 common/built-in.o
 .text.has_instaboot_part
                0x00000000010252e4       0x84 common/built-in.o
                0x00000000010252e4                has_instaboot_part
 .text.get_instaboot_header
                0x0000000001025368       0xe8 common/built-in.o
                0x0000000001025368                get_instaboot_header
 .text.cli_simple_parse_line
                0x0000000001025450       0x9c common/built-in.o
                0x0000000001025450                cli_simple_parse_line
 .text.run_command
                0x00000000010254ec       0x18 common/built-in.o
                0x00000000010254ec                run_command
 .text.run_command_list
                0x0000000001025504       0x84 common/built-in.o
                0x0000000001025504                run_command_list
 .text.do_run   0x0000000001025588       0x84 common/built-in.o
                0x0000000001025588                do_run
 .text.cli_loop
                0x000000000102560c       0x10 common/built-in.o
                0x000000000102560c                cli_loop
 .text.cli_init
                0x000000000102561c        0x4 common/built-in.o
                0x000000000102561c                cli_init
 .text.delete_char.part.0
                0x0000000001025620       0xfc common/built-in.o
 .text.cli_readline_into_buffer
                0x000000000102571c      0x204 common/built-in.o
                0x000000000102571c                cli_readline_into_buffer
 .text.cli_readline
                0x0000000001025920       0x14 common/built-in.o
                0x0000000001025920                cli_readline
 .text.find_cmd_tbl
                0x0000000001025934       0xc0 common/built-in.o
                0x0000000001025934                find_cmd_tbl
 .text.find_cmd
                0x00000000010259f4       0x28 common/built-in.o
                0x00000000010259f4                find_cmd
 .text.cmd_usage
                0x0000000001025a1c       0x68 common/built-in.o
                0x0000000001025a1c                cmd_usage
 .text._do_help
                0x0000000001025a84      0x1a4 common/built-in.o
                0x0000000001025a84                _do_help
 .text.cmd_get_data_size
                0x0000000001025c28       0x6c common/built-in.o
                0x0000000001025c28                cmd_get_data_size
 .text.cmd_process
                0x0000000001025c94       0xe0 common/built-in.o
                0x0000000001025c94                cmd_process
 .text.cmd_process_error
                0x0000000001025d74       0x34 common/built-in.o
                0x0000000001025d74                cmd_process_error
 .text.common_diskboot
                0x0000000001025da8      0x2bc common/built-in.o
                0x0000000001025da8                common_diskboot
 .text.do_vpp   0x0000000001026064       0x78 common/built-in.o
 .text.do_vpp_pq
                0x00000000010260dc      0x134 common/built-in.o
 .text.do_get_rebootmode
                0x0000000001026210      0x160 common/built-in.o
                0x0000000001026210                do_get_rebootmode
 .text.do_reboot
                0x0000000001026370      0x17c common/built-in.o
                0x0000000001026370                do_reboot
 .text.do_set_usb_boot
                0x00000000010264ec       0x64 common/built-in.o
                0x00000000010264ec                do_set_usb_boot
 .text.do_systemoff
                0x0000000001026550       0x18 common/built-in.o
                0x0000000001026550                do_systemoff
 .text.do_open_scp_log
                0x0000000001026568       0xc0 common/built-in.o
                0x0000000001026568                do_open_scp_log
 .text.hdmi_get_fmt_paras
                0x0000000001026628       0x34 common/built-in.o
                0x0000000001026628                hdmi_get_fmt_paras
 .text.hdmi_parse_attr
                0x000000000102665c      0x108 common/built-in.o
                0x000000000102665c                hdmi_parse_attr
 .text.hdmi_get_fmt_vic
                0x0000000001026764       0xec common/built-in.o
                0x0000000001026764                hdmi_get_fmt_vic
 .text.hdmi_match_dtd_paras
                0x0000000001026850       0xd8 common/built-in.o
                0x0000000001026850                hdmi_match_dtd_paras
 .text.Edid_DTD_parsing
                0x0000000001026928      0x1b0 common/built-in.o
 .text.hdmi_edid_parsing
                0x0000000001026ad8      0x640 common/built-in.o
                0x0000000001026ad8                hdmi_edid_parsing
 .text.do_dump  0x0000000001027118       0x20 common/built-in.o
 .text.do_hdmitx
                0x0000000001027138       0x7c common/built-in.o
 .text.do_info  0x00000000010271b4       0x64 common/built-in.o
 .text.do_off   0x0000000001027218       0x34 common/built-in.o
 .text.do_edid  0x000000000102724c       0xd8 common/built-in.o
 .text.do_blank
                0x0000000001027324       0x78 common/built-in.o
 .text.do_output
                0x000000000102739c      0x238 common/built-in.o
 .text.do_hpd_detect
                0x00000000010275d4       0x74 common/built-in.o
 .text.do_get_preferred_mode
                0x0000000001027648      0x228 common/built-in.o
 .text.do_rx_det
                0x0000000001027870      0x1b0 common/built-in.o
 .text.get_jtag_sel
                0x0000000001027a20       0x80 common/built-in.o
 .text.do_jtagon
                0x0000000001027aa0       0xa0 common/built-in.o
                0x0000000001027aa0                do_jtagon
 .text.do_jtagoff
                0x0000000001027b40       0x50 common/built-in.o
                0x0000000001027b40                do_jtagoff
 .text.do_osd   0x0000000001027b90       0x68 common/built-in.o
 .text.do_osd_display
                0x0000000001027bf8       0xe4 common/built-in.o
 .text.do_osd_test
                0x0000000001027cdc       0x18 common/built-in.o
 .text.do_osd_clear
                0x0000000001027cf4       0x80 common/built-in.o
 .text.do_osd_close
                0x0000000001027d74       0x6c common/built-in.o
 .text.do_osd_enable
                0x0000000001027de0       0x34 common/built-in.o
 .text.do_osd_open
                0x0000000001027e14       0x4c common/built-in.o
 .text.do_osd_debug
                0x0000000001027e60       0x48 common/built-in.o
 .text.do_cvbs  0x0000000001027ea8       0x7c common/built-in.o
 .text.do_vdac  0x0000000001027f24       0x28 common/built-in.o
 .text.do_cvbs_debug
                0x0000000001027f4c       0x48 common/built-in.o
 .text.do_cvbs_init
                0x0000000001027f94       0x18 common/built-in.o
 .text.do_cvbs_output
                0x0000000001027fac       0xcc common/built-in.o
 .text.do_vout  0x0000000001028078       0x7c common/built-in.o
 .text.do_vout_list
                0x00000000010280f4       0x3c common/built-in.o
 .text.do_vout_output
                0x0000000001028130       0x68 common/built-in.o
 .text.do_rsvmem
                0x0000000001028198       0x68 common/built-in.o
 .text.do_rsvmem_dump
                0x0000000001028200       0x8c common/built-in.o
 .text.do_rsvmem_check
                0x000000000102828c      0x410 common/built-in.o
 .text.do_chipid
                0x000000000102869c       0x78 common/built-in.o
 .text.get_dev_hwpart
                0x0000000001028714       0xb4 disk/built-in.o
 .text.print_part_header
                0x00000000010287c8       0xd0 disk/built-in.o
 .text.get_dev  0x0000000001028898        0x8 disk/built-in.o
                0x0000000001028898                get_dev
 .text.dev_print
                0x00000000010288a0      0x1c4 disk/built-in.o
                0x00000000010288a0                dev_print
 .text.init_part
                0x0000000001028a64       0x78 disk/built-in.o
                0x0000000001028a64                init_part
 .text.print_part
                0x0000000001028adc       0x78 disk/built-in.o
                0x0000000001028adc                print_part
 .text.get_partition_info
                0x0000000001028b54       0x40 disk/built-in.o
                0x0000000001028b54                get_partition_info
 .text.get_device
                0x0000000001028b94      0x130 disk/built-in.o
                0x0000000001028b94                get_device
 .text.get_device_and_partition
                0x0000000001028cc4      0x410 disk/built-in.o
                0x0000000001028cc4                get_device_and_partition
 .text.test_block_type
                0x00000000010290d4       0x88 disk/built-in.o
 .text.print_partition_extended
                0x000000000102915c      0x268 disk/built-in.o
 .text.get_partition_info_extended.constprop.2
                0x00000000010293c4      0x2dc disk/built-in.o
 .text.test_part_dos
                0x00000000010296a0       0x78 disk/built-in.o
                0x00000000010296a0                test_part_dos
 .text.print_part_dos
                0x0000000001029718       0x3c disk/built-in.o
                0x0000000001029718                print_part_dos
 .text.get_partition_info_dos
                0x0000000001029754       0x18 disk/built-in.o
                0x0000000001029754                get_partition_info_dos
 .text._get_partition_info_aml.isra.0
                0x000000000102976c       0x7c disk/built-in.o
 .text.get_partition_info_aml
                0x00000000010297e8        0x4 disk/built-in.o
                0x00000000010297e8                get_partition_info_aml
 .text.get_partition_info_aml_by_name
                0x00000000010297ec        0x4 disk/built-in.o
                0x00000000010297ec                get_partition_info_aml_by_name
 .text.print_part_aml
                0x00000000010297f0       0xa4 disk/built-in.o
                0x00000000010297f0                print_part_aml
 .text.test_part_aml
                0x0000000001029894       0x88 disk/built-in.o
                0x0000000001029894                test_part_aml
 .text.device_bind
                0x000000000102991c      0x17c drivers/built-in.o
                0x000000000102991c                device_bind
 .text.device_bind_by_name
                0x0000000001029a98       0x7c drivers/built-in.o
                0x0000000001029a98                device_bind_by_name
 .text.device_probe
                0x0000000001029b14        0x8 drivers/built-in.o
                0x0000000001029b14                device_probe
 .text.device_probe_child
                0x0000000001029b1c      0x1e8 drivers/built-in.o
                0x0000000001029b1c                device_probe_child
 .text.dev_get_platdata
                0x0000000001029d04       0x40 drivers/built-in.o
                0x0000000001029d04                dev_get_platdata
 .text.lists_driver_lookup_name
                0x0000000001029d44       0x84 drivers/built-in.o
                0x0000000001029d44                lists_driver_lookup_name
 .text.lists_uclass_lookup
                0x0000000001029dc8       0x58 drivers/built-in.o
                0x0000000001029dc8                lists_uclass_lookup
 .text.lists_bind_drivers
                0x0000000001029e20       0xb4 drivers/built-in.o
                0x0000000001029e20                lists_bind_drivers
 .text.dm_init  0x0000000001029ed4       0x5c drivers/built-in.o
                0x0000000001029ed4                dm_init
 .text.dm_scan_platdata
                0x0000000001029f30       0x34 drivers/built-in.o
                0x0000000001029f30                dm_scan_platdata
 .text.dm_scan_other
                0x0000000001029f64        0x8 drivers/built-in.o
                0x0000000001029f64                dm_scan_other
 .text.dm_init_and_scan
                0x0000000001029f6c       0x40 drivers/built-in.o
                0x0000000001029f6c                dm_init_and_scan
 .text.uclass_find
                0x0000000001029fac       0x48 drivers/built-in.o